Archive member included to satisfy reference by file (symbol)

c:/st/stm32cubeide_1.4.0/stm32cubeide/plugins/com.st.stm32cube.ide.mcu.externaltools.gnu-tools-for-stm32.7-2018-q2-update.win32_1.4.0.202007081208/tools/bin/../lib/gcc/arm-none-eabi/7.3.1/../../../../arm-none-eabi/lib/thumb/v7e-m/fpv4-sp/hard\libc_nano.a(lib_a-errno.o)
                              Src/syscalls.o (__errno)
c:/st/stm32cubeide_1.4.0/stm32cubeide/plugins/com.st.stm32cube.ide.mcu.externaltools.gnu-tools-for-stm32.7-2018-q2-update.win32_1.4.0.202007081208/tools/bin/../lib/gcc/arm-none-eabi/7.3.1/../../../../arm-none-eabi/lib/thumb/v7e-m/fpv4-sp/hard\libc_nano.a(lib_a-exit.o)
                              c:/st/stm32cubeide_1.4.0/stm32cubeide/plugins/com.st.stm32cube.ide.mcu.externaltools.gnu-tools-for-stm32.7-2018-q2-update.win32_1.4.0.202007081208/tools/bin/../lib/gcc/arm-none-eabi/7.3.1/../../../../arm-none-eabi/lib/thumb/v7e-m/fpv4-sp/hard/crt0.o (exit)
c:/st/stm32cubeide_1.4.0/stm32cubeide/plugins/com.st.stm32cube.ide.mcu.externaltools.gnu-tools-for-stm32.7-2018-q2-update.win32_1.4.0.202007081208/tools/bin/../lib/gcc/arm-none-eabi/7.3.1/../../../../arm-none-eabi/lib/thumb/v7e-m/fpv4-sp/hard\libc_nano.a(lib_a-impure.o)
                              c:/st/stm32cubeide_1.4.0/stm32cubeide/plugins/com.st.stm32cube.ide.mcu.externaltools.gnu-tools-for-stm32.7-2018-q2-update.win32_1.4.0.202007081208/tools/bin/../lib/gcc/arm-none-eabi/7.3.1/../../../../arm-none-eabi/lib/thumb/v7e-m/fpv4-sp/hard\libc_nano.a(lib_a-exit.o) (_global_impure_ptr)
c:/st/stm32cubeide_1.4.0/stm32cubeide/plugins/com.st.stm32cube.ide.mcu.externaltools.gnu-tools-for-stm32.7-2018-q2-update.win32_1.4.0.202007081208/tools/bin/../lib/gcc/arm-none-eabi/7.3.1/../../../../arm-none-eabi/lib/thumb/v7e-m/fpv4-sp/hard\libc_nano.a(lib_a-init.o)
                              c:/st/stm32cubeide_1.4.0/stm32cubeide/plugins/com.st.stm32cube.ide.mcu.externaltools.gnu-tools-for-stm32.7-2018-q2-update.win32_1.4.0.202007081208/tools/bin/../lib/gcc/arm-none-eabi/7.3.1/../../../../arm-none-eabi/lib/thumb/v7e-m/fpv4-sp/hard/crt0.o (__libc_init_array)
c:/st/stm32cubeide_1.4.0/stm32cubeide/plugins/com.st.stm32cube.ide.mcu.externaltools.gnu-tools-for-stm32.7-2018-q2-update.win32_1.4.0.202007081208/tools/bin/../lib/gcc/arm-none-eabi/7.3.1/../../../../arm-none-eabi/lib/thumb/v7e-m/fpv4-sp/hard\libc_nano.a(lib_a-memset.o)
                              c:/st/stm32cubeide_1.4.0/stm32cubeide/plugins/com.st.stm32cube.ide.mcu.externaltools.gnu-tools-for-stm32.7-2018-q2-update.win32_1.4.0.202007081208/tools/bin/../lib/gcc/arm-none-eabi/7.3.1/../../../../arm-none-eabi/lib/thumb/v7e-m/fpv4-sp/hard/crt0.o (memset)
c:/st/stm32cubeide_1.4.0/stm32cubeide/plugins/com.st.stm32cube.ide.mcu.externaltools.gnu-tools-for-stm32.7-2018-q2-update.win32_1.4.0.202007081208/tools/bin/../lib/gcc/arm-none-eabi/7.3.1/../../../../arm-none-eabi/lib/thumb/v7e-m/fpv4-sp/hard\libc_nano.a(lib_a-sprintf.o)
                              Src/main.o (sprintf)
c:/st/stm32cubeide_1.4.0/stm32cubeide/plugins/com.st.stm32cube.ide.mcu.externaltools.gnu-tools-for-stm32.7-2018-q2-update.win32_1.4.0.202007081208/tools/bin/../lib/gcc/arm-none-eabi/7.3.1/../../../../arm-none-eabi/lib/thumb/v7e-m/fpv4-sp/hard\libc_nano.a(lib_a-nano-svfprintf.o)
                              c:/st/stm32cubeide_1.4.0/stm32cubeide/plugins/com.st.stm32cube.ide.mcu.externaltools.gnu-tools-for-stm32.7-2018-q2-update.win32_1.4.0.202007081208/tools/bin/../lib/gcc/arm-none-eabi/7.3.1/../../../../arm-none-eabi/lib/thumb/v7e-m/fpv4-sp/hard\libc_nano.a(lib_a-sprintf.o) (_svfprintf_r)
c:/st/stm32cubeide_1.4.0/stm32cubeide/plugins/com.st.stm32cube.ide.mcu.externaltools.gnu-tools-for-stm32.7-2018-q2-update.win32_1.4.0.202007081208/tools/bin/../lib/gcc/arm-none-eabi/7.3.1/../../../../arm-none-eabi/lib/thumb/v7e-m/fpv4-sp/hard\libc_nano.a(lib_a-nano-vfprintf_i.o)
                              c:/st/stm32cubeide_1.4.0/stm32cubeide/plugins/com.st.stm32cube.ide.mcu.externaltools.gnu-tools-for-stm32.7-2018-q2-update.win32_1.4.0.202007081208/tools/bin/../lib/gcc/arm-none-eabi/7.3.1/../../../../arm-none-eabi/lib/thumb/v7e-m/fpv4-sp/hard\libc_nano.a(lib_a-nano-svfprintf.o) (_printf_i)
c:/st/stm32cubeide_1.4.0/stm32cubeide/plugins/com.st.stm32cube.ide.mcu.externaltools.gnu-tools-for-stm32.7-2018-q2-update.win32_1.4.0.202007081208/tools/bin/../lib/gcc/arm-none-eabi/7.3.1/../../../../arm-none-eabi/lib/thumb/v7e-m/fpv4-sp/hard\libc_nano.a(lib_a-memchr.o)
                              c:/st/stm32cubeide_1.4.0/stm32cubeide/plugins/com.st.stm32cube.ide.mcu.externaltools.gnu-tools-for-stm32.7-2018-q2-update.win32_1.4.0.202007081208/tools/bin/../lib/gcc/arm-none-eabi/7.3.1/../../../../arm-none-eabi/lib/thumb/v7e-m/fpv4-sp/hard\libc_nano.a(lib_a-nano-svfprintf.o) (memchr)
[...]
Memory Configuration

Name             Origin             Length             Attributes
RAM              0x0000000020000000 0x0000000000018000 xrw
RAM2             0x0000000010000000 0x0000000000008000 xrw
FLASH            0x0000000008000000 0x0000000000100000 xr
*default*        0x0000000000000000 0xffffffffffffffff

Linker script and memory map

LOAD c:/st/stm32cubeide_1.4.0/stm32cubeide/plugins/com.st.stm32cube.ide.mcu.externaltools.gnu-tools-for-stm32.7-2018-q2-update.win32_1.4.0.202007081208/tools/bin/../lib/gcc/arm-none-eabi/7.3.1/thumb/v7e-m/fpv4-sp/hard/crti.o
LOAD c:/st/stm32cubeide_1.4.0/stm32cubeide/plugins/com.st.stm32cube.ide.mcu.externaltools.gnu-tools-for-stm32.7-2018-q2-update.win32_1.4.0.202007081208/tools/bin/../lib/gcc/arm-none-eabi/7.3.1/thumb/v7e-m/fpv4-sp/hard/crtbegin.o
LOAD c:/st/stm32cubeide_1.4.0/stm32cubeide/plugins/com.st.stm32cube.ide.mcu.externaltools.gnu-tools-for-stm32.7-2018-q2-update.win32_1.4.0.202007081208/tools/bin/../lib/gcc/arm-none-eabi/7.3.1/../../../../arm-none-eabi/lib/thumb/v7e-m/fpv4-sp/hard/crt0.o
LOAD Drivers/STM32L4xx_HAL_Driver/Src/stm32l4xx_hal.o
LOAD Drivers/STM32L4xx_HAL_Driver/Src/stm32l4xx_hal_cortex.o
LOAD Drivers/STM32L4xx_HAL_Driver/Src/stm32l4xx_hal_dac.o
LOAD Drivers/STM32L4xx_HAL_Driver/Src/stm32l4xx_hal_dac_ex.o
LOAD Drivers/STM32L4xx_HAL_Driver/Src/stm32l4xx_hal_dma.o
LOAD Drivers/STM32L4xx_HAL_Driver/Src/stm32l4xx_hal_dma_ex.o
LOAD Drivers/STM32L4xx_HAL_Driver/Src/stm32l4xx_hal_exti.o
LOAD Drivers/STM32L4xx_HAL_Driver/Src/stm32l4xx_hal_flash.o
LOAD Drivers/STM32L4xx_HAL_Driver/Src/stm32l4xx_hal_flash_ex.o
LOAD Drivers/STM32L4xx_HAL_Driver/Src/stm32l4xx_hal_flash_ramfunc.o
LOAD Drivers/STM32L4xx_HAL_Driver/Src/stm32l4xx_hal_gpio.o
LOAD Drivers/STM32L4xx_HAL_Driver/Src/stm32l4xx_hal_i2c.o
LOAD Drivers/STM32L4xx_HAL_Driver/Src/stm32l4xx_hal_i2c_ex.o
LOAD Drivers/STM32L4xx_HAL_Driver/Src/stm32l4xx_hal_pwr.o
LOAD Drivers/STM32L4xx_HAL_Driver/Src/stm32l4xx_hal_pwr_ex.o
LOAD Drivers/STM32L4xx_HAL_Driver/Src/stm32l4xx_hal_qspi.o
LOAD Drivers/STM32L4xx_HAL_Driver/Src/stm32l4xx_hal_rcc.o
LOAD Drivers/STM32L4xx_HAL_Driver/Src/stm32l4xx_hal_rcc_ex.o
LOAD Drivers/STM32L4xx_HAL_Driver/Src/stm32l4xx_hal_tim.o
LOAD Drivers/STM32L4xx_HAL_Driver/Src/stm32l4xx_hal_tim_ex.o
LOAD Drivers/STM32L4xx_HAL_Driver/Src/stm32l4xx_hal_uart.o
LOAD Drivers/STM32L4xx_HAL_Driver/Src/stm32l4xx_hal_uart_ex.o
LOAD Src/lsm6dsl.o
LOAD Src/main.o
LOAD Src/stm32l475e_iot01.o
LOAD Src/stm32l475e_iot01_accelero.o
LOAD Src/stm32l4xx_hal_msp.o
LOAD Src/stm32l4xx_it.o
LOAD Src/syscalls.o
LOAD Src/sysmem.o
LOAD Src/system_stm32l4xx.o
LOAD Startup/startup_stm32l475vgtx.o
LOAD C:\Users\malki\Desktop\Ceng\Fall_2020\ECSE444\Labs\Project\Lib\libarm_cortexM4lf_math.a
START GROUP
LOAD c:/st/stm32cubeide_1.4.0/stm32cubeide/plugins/com.st.stm32cube.ide.mcu.externaltools.gnu-tools-for-stm32.7-2018-q2-update.win32_1.4.0.202007081208/tools/bin/../lib/gcc/arm-none-eabi/7.3.1/../../../../arm-none-eabi/lib/thumb/v7e-m/fpv4-sp/hard\libc_nano.a
LOAD c:/st/stm32cubeide_1.4.0/stm32cubeide/plugins/com.st.stm32cube.ide.mcu.externaltools.gnu-tools-for-stm32.7-2018-q2-update.win32_1.4.0.202007081208/tools/bin/../lib/gcc/arm-none-eabi/7.3.1/../../../../arm-none-eabi/lib/thumb/v7e-m/fpv4-sp/hard\libm.a
END GROUP
START GROUP
LOAD c:/st/stm32cubeide_1.4.0/stm32cubeide/plugins/com.st.stm32cube.ide.mcu.externaltools.gnu-tools-for-stm32.7-2018-q2-update.win32_1.4.0.202007081208/tools/bin/../lib/gcc/arm-none-eabi/7.3.1/thumb/v7e-m/fpv4-sp/hard\libgcc.a
LOAD c:/st/stm32cubeide_1.4.0/stm32cubeide/plugins/com.st.stm32cube.ide.mcu.externaltools.gnu-tools-for-stm32.7-2018-q2-update.win32_1.4.0.202007081208/tools/bin/../lib/gcc/arm-none-eabi/7.3.1/../../../../arm-none-eabi/lib/thumb/v7e-m/fpv4-sp/hard\libc_nano.a
END GROUP
START GROUP
LOAD c:/st/stm32cubeide_1.4.0/stm32cubeide/plugins/com.st.stm32cube.ide.mcu.externaltools.gnu-tools-for-stm32.7-2018-q2-update.win32_1.4.0.202007081208/tools/bin/../lib/gcc/arm-none-eabi/7.3.1/thumb/v7e-m/fpv4-sp/hard\libgcc.a
LOAD c:/st/stm32cubeide_1.4.0/stm32cubeide/plugins/com.st.stm32cube.ide.mcu.externaltools.gnu-tools-for-stm32.7-2018-q2-update.win32_1.4.0.202007081208/tools/bin/../lib/gcc/arm-none-eabi/7.3.1/../../../../arm-none-eabi/lib/thumb/v7e-m/fpv4-sp/hard\libc_nano.a
LOAD c:/st/stm32cubeide_1.4.0/stm32cubeide/plugins/com.st.stm32cube.ide.mcu.externaltools.gnu-tools-for-stm32.7-2018-q2-update.win32_1.4.0.202007081208/tools/bin/../lib/gcc/arm-none-eabi/7.3.1/../../../../arm-none-eabi/lib/thumb/v7e-m/fpv4-sp/hard\libnosys.a
END GROUP
START GROUP
LOAD c:/st/stm32cubeide_1.4.0/stm32cubeide/plugins/com.st.stm32cube.ide.mcu.externaltools.gnu-tools-for-stm32.7-2018-q2-update.win32_1.4.0.202007081208/tools/bin/../lib/gcc/arm-none-eabi/7.3.1/thumb/v7e-m/fpv4-sp/hard\libgcc.a
LOAD c:/st/stm32cubeide_1.4.0/stm32cubeide/plugins/com.st.stm32cube.ide.mcu.externaltools.gnu-tools-for-stm32.7-2018-q2-update.win32_1.4.0.202007081208/tools/bin/../lib/gcc/arm-none-eabi/7.3.1/../../../../arm-none-eabi/lib/thumb/v7e-m/fpv4-sp/hard\libc_nano.a
LOAD c:/st/stm32cubeide_1.4.0/stm32cubeide/plugins/com.st.stm32cube.ide.mcu.externaltools.gnu-tools-for-stm32.7-2018-q2-update.win32_1.4.0.202007081208/tools/bin/../lib/gcc/arm-none-eabi/7.3.1/../../../../arm-none-eabi/lib/thumb/v7e-m/fpv4-sp/hard\libnosys.a
END GROUP
LOAD c:/st/stm32cubeide_1.4.0/stm32cubeide/plugins/com.st.stm32cube.ide.mcu.externaltools.gnu-tools-for-stm32.7-2018-q2-update.win32_1.4.0.202007081208/tools/bin/../lib/gcc/arm-none-eabi/7.3.1/thumb/v7e-m/fpv4-sp/hard/crtend.o
LOAD c:/st/stm32cubeide_1.4.0/stm32cubeide/plugins/com.st.stm32cube.ide.mcu.externaltools.gnu-tools-for-stm32.7-2018-q2-update.win32_1.4.0.202007081208/tools/bin/../lib/gcc/arm-none-eabi/7.3.1/thumb/v7e-m/fpv4-sp/hard/crtn.o
                0x0000000020018000                _estack = (ORIGIN (RAM) + LENGTH (RAM))
                0x0000000000000200                _Min_Heap_Size = 0x200
                0x0000000000000400                _Min_Stack_Size = 0x400

.isr_vector     0x0000000008000000      0x188
                0x0000000008000000                . = ALIGN (0x4)
 *(.isr_vector)
 .isr_vector    0x0000000008000000      0x188 Startup/startup_stm32l475vgtx.o
                0x0000000008000000                g_pfnVectors
                0x0000000008000188                . = ALIGN (0x4)

.text           0x0000000008000190     0x7bb4
                0x0000000008000190                . = ALIGN (0x4)
 *(.text)
 .text          0x0000000008000190       0x40 c:/st/stm32cubeide_1.4.0/stm32cubeide/plugins/com.st.stm32cube.ide.mcu.externaltools.gnu-tools-for-stm32.7-2018-q2-update.win32_1.4.0.202007081208/tools/bin/../lib/gcc/arm-none-eabi/7.3.1/thumb/v7e-m/fpv4-sp/hard/crtbegin.o
 .text          0x00000000080001d0       0xa0 c:/st/stm32cubeide_1.4.0/stm32cubeide/plugins/com.st.stm32cube.ide.mcu.externaltools.gnu-tools-for-stm32.7-2018-q2-update.win32_1.4.0.202007081208/tools/bin/../lib/gcc/arm-none-eabi/7.3.1/../../../../arm-none-eabi/lib/thumb/v7e-m/fpv4-sp/hard\libc_nano.a(lib_a-memchr.o)
                0x00000000080001d0                memchr
 .text          0x0000000008000270      0x378 c:/st/stm32cubeide_1.4.0/stm32cubeide/plugins/com.st.stm32cube.ide.mcu.externaltools.gnu-tools-for-stm32.7-2018-q2-update.win32_1.4.0.202007081208/tools/bin/../lib/gcc/arm-none-eabi/7.3.1/thumb/v7e-m/fpv4-sp/hard\libgcc.a(_arm_addsubdf3.o)
                0x0000000008000270                __aeabi_drsub
                0x0000000008000278                __aeabi_dsub
                0x0000000008000278                __subdf3
                0x000000000800027c                __aeabi_dadd
                0x000000000800027c                __adddf3
                0x00000000080004f4                __floatunsidf
                0x00000000080004f4                __aeabi_ui2d
                0x0000000008000514                __floatsidf
                0x0000000008000514                __aeabi_i2d
                0x0000000008000538                __aeabi_f2d
                0x0000000008000538                __extendsfdf2
                0x000000000800057c                __floatundidf
                0x000000000800057c                __aeabi_ul2d
                0x000000000800058c                __floatdidf
                0x000000000800058c                __aeabi_l2d
 .text          0x00000000080005e8      0x424 c:/st/stm32cubeide_1.4.0/stm32cubeide/plugins/com.st.stm32cube.ide.mcu.externaltools.gnu-tools-for-stm32.7-2018-q2-update.win32_1.4.0.202007081208/tools/bin/../lib/gcc/arm-none-eabi/7.3.1/thumb/v7e-m/fpv4-sp/hard\libgcc.a(_arm_muldivdf3.o)
                0x00000000080005e8                __aeabi_dmul
                0x00000000080005e8                __muldf3
                0x000000000800083c                __divdf3
                0x000000000800083c                __aeabi_ddiv
 .text          0x0000000008000a0c      0x110 c:/st/stm32cubeide_1.4.0/stm32cubeide/plugins/com.st.stm32cube.ide.mcu.externaltools.gnu-tools-for-stm32.7-2018-q2-update.win32_1.4.0.202007081208/tools/bin/../lib/gcc/arm-none-eabi/7.3.1/thumb/v7e-m/fpv4-sp/hard\libgcc.a(_arm_cmpdf2.o)
                0x0000000008000a0c                __gtdf2
                0x0000000008000a0c                __gedf2
                0x0000000008000a14                __ltdf2
                0x0000000008000a14                __ledf2
                0x0000000008000a1c                __nedf2
                0x0000000008000a1c                __eqdf2
                0x0000000008000a1c                __cmpdf2
                0x0000000008000a98                __aeabi_cdrcmple
                0x0000000008000aa8                __aeabi_cdcmpeq
                0x0000000008000aa8                __aeabi_cdcmple
                0x0000000008000ab8                __aeabi_dcmpeq
                0x0000000008000acc                __aeabi_dcmplt
                0x0000000008000ae0                __aeabi_dcmple
                0x0000000008000af4                __aeabi_dcmpge
                0x0000000008000b08                __aeabi_dcmpgt
 .text          0x0000000008000b1c       0x2c c:/st/stm32cubeide_1.4.0/stm32cubeide/plugins/com.st.stm32cube.ide.mcu.externaltools.gnu-tools-for-stm32.7-2018-q2-update.win32_1.4.0.202007081208/tools/bin/../lib/gcc/arm-none-eabi/7.3.1/thumb/v7e-m/fpv4-sp/hard\libgcc.a(_arm_unorddf2.o)
                0x0000000008000b1c                __unorddf2
                0x0000000008000b1c                __aeabi_dcmpun
 .text          0x0000000008000b48       0x50 c:/st/stm32cubeide_1.4.0/stm32cubeide/plugins/com.st.stm32cube.ide.mcu.externaltools.gnu-tools-for-stm32.7-2018-q2-update.win32_1.4.0.202007081208/tools/bin/../lib/gcc/arm-none-eabi/7.3.1/thumb/v7e-m/fpv4-sp/hard\libgcc.a(_arm_fixdfsi.o)
                0x0000000008000b48                __aeabi_d2iz
                0x0000000008000b48                __fixdfsi
 .text          0x0000000008000b98       0x30 c:/st/stm32cubeide_1.4.0/stm32cubeide/plugins/com.st.stm32cube.ide.mcu.externaltools.gnu-tools-for-stm32.7-2018-q2-update.win32_1.4.0.202007081208/tools/bin/../lib/gcc/arm-none-eabi/7.3.1/thumb/v7e-m/fpv4-sp/hard\libgcc.a(_aeabi_uldivmod.o)
                0x0000000008000b98                __aeabi_uldivmod
 .text          0x0000000008000bc8      0x2cc c:/st/stm32cubeide_1.4.0/stm32cubeide/plugins/com.st.stm32cube.ide.mcu.externaltools.gnu-tools-for-stm32.7-2018-q2-update.win32_1.4.0.202007081208/tools/bin/../lib/gcc/arm-none-eabi/7.3.1/thumb/v7e-m/fpv4-sp/hard\libgcc.a(_udivmoddi4.o)
                0x0000000008000bc8                __udivmoddi4
 .text          0x0000000008000e94        0x4 c:/st/stm32cubeide_1.4.0/stm32cubeide/plugins/com.st.stm32cube.ide.mcu.externaltools.gnu-tools-for-stm32.7-2018-q2-update.win32_1.4.0.202007081208/tools/bin/../lib/gcc/arm-none-eabi/7.3.1/thumb/v7e-m/fpv4-sp/hard\libgcc.a(_dvmd_tls.o)
                0x0000000008000e94                __aeabi_idiv0
                0x0000000008000e94                __aeabi_ldiv0
 *(.text*)
 .text.HAL_Init
                0x0000000008000e98       0x30 Drivers/STM32L4xx_HAL_Driver/Src/stm32l4xx_hal.o
                0x0000000008000e98                HAL_Init
 .text.HAL_InitTick
                0x0000000008000ec8       0x78 Drivers/STM32L4xx_HAL_Driver/Src/stm32l4xx_hal.o
                0x0000000008000ec8                HAL_InitTick
 .text.HAL_IncTick
                0x0000000008000f40       0x28 Drivers/STM32L4xx_HAL_Driver/Src/stm32l4xx_hal.o
                0x0000000008000f40                HAL_IncTick
 .text.HAL_GetTick
                0x0000000008000f68       0x18 Drivers/STM32L4xx_HAL_Driver/Src/stm32l4xx_hal.o
                0x0000000008000f68                HAL_GetTick
 .text.HAL_Delay
                0x0000000008000f80       0x44 Drivers/STM32L4xx_HAL_Driver/Src/stm32l4xx_hal.o
                0x0000000008000f80                HAL_Delay
 .text.__NVIC_SetPriorityGrouping
                0x0000000008000fc4       0x48 Drivers/STM32L4xx_HAL_Driver/Src/stm32l4xx_hal_cortex.o
 .text.__NVIC_GetPriorityGrouping
                0x000000000800100c       0x1c Drivers/STM32L4xx_HAL_Driver/Src/stm32l4xx_hal_cortex.o
 .text.__NVIC_EnableIRQ
                0x0000000008001028       0x3c Drivers/STM32L4xx_HAL_Driver/Src/stm32l4xx_hal_cortex.o
 .text.__NVIC_SetPriority
                0x0000000008001064       0x54 Drivers/STM32L4xx_HAL_Driver/Src/stm32l4xx_hal_cortex.o
 .text.NVIC_EncodePriority
                0x00000000080010b8       0x66 Drivers/STM32L4xx_HAL_Driver/Src/stm32l4xx_hal_cortex.o
 *fill*         0x000000000800111e        0x2 
 .text.SysTick_Config
                0x0000000008001120       0x44 Drivers/STM32L4xx_HAL_Driver/Src/stm32l4xx_hal_cortex.o
 .text.HAL_NVIC_SetPriorityGrouping
                0x0000000008001164       0x16 Drivers/STM32L4xx_HAL_Driver/Src/stm32l4xx_hal_cortex.o
                0x0000000008001164                HAL_NVIC_SetPriorityGrouping
 .text.HAL_NVIC_SetPriority
                0x000000000800117a       0x38 Drivers/STM32L4xx_HAL_Driver/Src/stm32l4xx_hal_cortex.o
                0x000000000800117a                HAL_NVIC_SetPriority
 .text.HAL_NVIC_EnableIRQ
                0x00000000080011b2       0x1c Drivers/STM32L4xx_HAL_Driver/Src/stm32l4xx_hal_cortex.o
                0x00000000080011b2                HAL_NVIC_EnableIRQ
 .text.HAL_SYSTICK_Config
                0x00000000080011ce       0x18 Drivers/STM32L4xx_HAL_Driver/Src/stm32l4xx_hal_cortex.o
                0x00000000080011ce                HAL_SYSTICK_Config
 .text.HAL_DAC_Init
                0x00000000080011e6       0x44 Drivers/STM32L4xx_HAL_Driver/Src/stm32l4xx_hal_dac.o
                0x00000000080011e6                HAL_DAC_Init
 .text.HAL_DAC_ConfigChannel
                0x000000000800122a      0x234 Drivers/STM32L4xx_HAL_Driver/Src/stm32l4xx_hal_dac.o
                0x000000000800122a                HAL_DAC_ConfigChannel
 *fill*         0x000000000800145e        0x2 
 .text.HAL_DMA_Init
                0x0000000008001460      0x170 Drivers/STM32L4xx_HAL_Driver/Src/stm32l4xx_hal_dma.o
                0x0000000008001460                HAL_DMA_Init
 .text.HAL_DMA_IRQHandler
                0x00000000080015d0      0x15e Drivers/STM32L4xx_HAL_Driver/Src/stm32l4xx_hal_dma.o
                0x00000000080015d0                HAL_DMA_IRQHandler
 *fill*         0x000000000800172e        0x2 
 .text.HAL_GPIO_Init
                0x0000000008001730      0x350 Drivers/STM32L4xx_HAL_Driver/Src/stm32l4xx_hal_gpio.o
                0x0000000008001730                HAL_GPIO_Init
 .text.HAL_GPIO_DeInit
                0x0000000008001a80      0x1e8 Drivers/STM32L4xx_HAL_Driver/Src/stm32l4xx_hal_gpio.o
                0x0000000008001a80                HAL_GPIO_DeInit
 .text.HAL_GPIO_WritePin
                0x0000000008001c68       0x30 Drivers/STM32L4xx_HAL_Driver/Src/stm32l4xx_hal_gpio.o
                0x0000000008001c68                HAL_GPIO_WritePin
 .text.HAL_I2C_Init
                0x0000000008001c98      0x11e Drivers/STM32L4xx_HAL_Driver/Src/stm32l4xx_hal_i2c.o
                0x0000000008001c98                HAL_I2C_Init
 .text.HAL_I2C_DeInit
                0x0000000008001db6       0x5e Drivers/STM32L4xx_HAL_Driver/Src/stm32l4xx_hal_i2c.o
                0x0000000008001db6                HAL_I2C_DeInit
 .text.HAL_I2C_Mem_Write
                0x0000000008001e14      0x228 Drivers/STM32L4xx_HAL_Driver/Src/stm32l4xx_hal_i2c.o
                0x0000000008001e14                HAL_I2C_Mem_Write
 .text.HAL_I2C_Mem_Read
                0x000000000800203c      0x234 Drivers/STM32L4xx_HAL_Driver/Src/stm32l4xx_hal_i2c.o
                0x000000000800203c                HAL_I2C_Mem_Read
 .text.I2C_RequestMemoryWrite
                0x0000000008002270       0xa8 Drivers/STM32L4xx_HAL_Driver/Src/stm32l4xx_hal_i2c.o
 .text.I2C_RequestMemoryRead
                0x0000000008002318       0xa8 Drivers/STM32L4xx_HAL_Driver/Src/stm32l4xx_hal_i2c.o
 .text.I2C_Flush_TXDR
                0x00000000080023c0       0x48 Drivers/STM32L4xx_HAL_Driver/Src/stm32l4xx_hal_i2c.o
 .text.I2C_WaitOnFlagUntilTimeout
                0x0000000008002408       0x80 Drivers/STM32L4xx_HAL_Driver/Src/stm32l4xx_hal_i2c.o
 .text.I2C_WaitOnTXISFlagUntilTimeout
                0x0000000008002488       0x80 Drivers/STM32L4xx_HAL_Driver/Src/stm32l4xx_hal_i2c.o
 .text.I2C_WaitOnSTOPFlagUntilTimeout
                0x0000000008002508       0x78 Drivers/STM32L4xx_HAL_Driver/Src/stm32l4xx_hal_i2c.o
 .text.I2C_IsAcknowledgeFailed
                0x0000000008002580       0xcc Drivers/STM32L4xx_HAL_Driver/Src/stm32l4xx_hal_i2c.o
 .text.I2C_TransferConfig
                0x000000000800264c       0x5c Drivers/STM32L4xx_HAL_Driver/Src/stm32l4xx_hal_i2c.o
 .text.HAL_I2CEx_ConfigAnalogFilter
                0x00000000080026a8       0x96 Drivers/STM32L4xx_HAL_Driver/Src/stm32l4xx_hal_i2c_ex.o
                0x00000000080026a8                HAL_I2CEx_ConfigAnalogFilter
 .text.HAL_I2CEx_ConfigDigitalFilter
                0x000000000800273e       0x98 Drivers/STM32L4xx_HAL_Driver/Src/stm32l4xx_hal_i2c_ex.o
                0x000000000800273e                HAL_I2CEx_ConfigDigitalFilter
 *fill*         0x00000000080027d6        0x2 
 .text.HAL_PWREx_GetVoltageRange
                0x00000000080027d8       0x1c Drivers/STM32L4xx_HAL_Driver/Src/stm32l4xx_hal_pwr_ex.o
                0x00000000080027d8                HAL_PWREx_GetVoltageRange
 .text.HAL_PWREx_ControlVoltageScaling
                0x00000000080027f4       0xac Drivers/STM32L4xx_HAL_Driver/Src/stm32l4xx_hal_pwr_ex.o
                0x00000000080027f4                HAL_PWREx_ControlVoltageScaling
 .text.HAL_QSPI_Init
                0x00000000080028a0       0xec Drivers/STM32L4xx_HAL_Driver/Src/stm32l4xx_hal_qspi.o
                0x00000000080028a0                HAL_QSPI_Init
 .text.HAL_QSPI_SetTimeout
                0x000000000800298c       0x1c Drivers/STM32L4xx_HAL_Driver/Src/stm32l4xx_hal_qspi.o
                0x000000000800298c                HAL_QSPI_SetTimeout
 .text.QSPI_WaitFlagStateUntilTimeout
                0x00000000080029a8       0x6e Drivers/STM32L4xx_HAL_Driver/Src/stm32l4xx_hal_qspi.o
 *fill*         0x0000000008002a16        0x2 
 .text.HAL_RCC_OscConfig
                0x0000000008002a18      0x7cc Drivers/STM32L4xx_HAL_Driver/Src/stm32l4xx_hal_rcc.o
                0x0000000008002a18                HAL_RCC_OscConfig
 .text.HAL_RCC_ClockConfig
                0x00000000080031e4      0x1c4 Drivers/STM32L4xx_HAL_Driver/Src/stm32l4xx_hal_rcc.o
                0x00000000080031e4                HAL_RCC_ClockConfig
 .text.HAL_RCC_GetSysClockFreq
                0x00000000080033a8      0x114 Drivers/STM32L4xx_HAL_Driver/Src/stm32l4xx_hal_rcc.o
                0x00000000080033a8                HAL_RCC_GetSysClockFreq
 .text.HAL_RCC_GetHCLKFreq
                0x00000000080034bc       0x18 Drivers/STM32L4xx_HAL_Driver/Src/stm32l4xx_hal_rcc.o
                0x00000000080034bc                HAL_RCC_GetHCLKFreq
 .text.HAL_RCC_GetPCLK1Freq
                0x00000000080034d4       0x2c Drivers/STM32L4xx_HAL_Driver/Src/stm32l4xx_hal_rcc.o
                0x00000000080034d4                HAL_RCC_GetPCLK1Freq
 .text.HAL_RCC_GetPCLK2Freq
                0x0000000008003500       0x2c Drivers/STM32L4xx_HAL_Driver/Src/stm32l4xx_hal_rcc.o
                0x0000000008003500                HAL_RCC_GetPCLK2Freq
 .text.RCC_SetFlashLatencyFromMSIRange
                0x000000000800352c       0xc0 Drivers/STM32L4xx_HAL_Driver/Src/stm32l4xx_hal_rcc.o
 .text.HAL_RCCEx_PeriphCLKConfig
                0x00000000080035ec      0x5cc Drivers/STM32L4xx_HAL_Driver/Src/stm32l4xx_hal_rcc_ex.o
                0x00000000080035ec                HAL_RCCEx_PeriphCLKConfig
 .text.RCCEx_PLLSAI1_Config
                0x0000000008003bb8      0x1e0 Drivers/STM32L4xx_HAL_Driver/Src/stm32l4xx_hal_rcc_ex.o
 .text.RCCEx_PLLSAI2_Config
                0x0000000008003d98      0x1b4 Drivers/STM32L4xx_HAL_Driver/Src/stm32l4xx_hal_rcc_ex.o
 .text.HAL_TIM_Base_Init
                0x0000000008003f4c       0xae Drivers/STM32L4xx_HAL_Driver/Src/stm32l4xx_hal_tim.o
                0x0000000008003f4c                HAL_TIM_Base_Init
 .text.HAL_TIM_IRQHandler
                0x0000000008003ffa      0x23e Drivers/STM32L4xx_HAL_Driver/Src/stm32l4xx_hal_tim.o
                0x0000000008003ffa                HAL_TIM_IRQHandler
 .text.HAL_TIM_ConfigClockSource
                0x0000000008004238      0x172 Drivers/STM32L4xx_HAL_Driver/Src/stm32l4xx_hal_tim.o
                0x0000000008004238                HAL_TIM_ConfigClockSource
 .text.HAL_TIM_PeriodElapsedCallback
                0x00000000080043aa       0x14 Drivers/STM32L4xx_HAL_Driver/Src/stm32l4xx_hal_tim.o
                0x00000000080043aa                HAL_TIM_PeriodElapsedCallback
 .text.HAL_TIM_OC_DelayElapsedCallback
                0x00000000080043be       0x14 Drivers/STM32L4xx_HAL_Driver/Src/stm32l4xx_hal_tim.o
                0x00000000080043be                HAL_TIM_OC_DelayElapsedCallback
 .text.HAL_TIM_IC_CaptureCallback
                0x00000000080043d2       0x14 Drivers/STM32L4xx_HAL_Driver/Src/stm32l4xx_hal_tim.o
                0x00000000080043d2                HAL_TIM_IC_CaptureCallback
 .text.HAL_TIM_PWM_PulseFinishedCallback
                0x00000000080043e6       0x14 Drivers/STM32L4xx_HAL_Driver/Src/stm32l4xx_hal_tim.o
                0x00000000080043e6                HAL_TIM_PWM_PulseFinishedCallback
 .text.HAL_TIM_TriggerCallback
                0x00000000080043fa       0x14 Drivers/STM32L4xx_HAL_Driver/Src/stm32l4xx_hal_tim.o
                0x00000000080043fa                HAL_TIM_TriggerCallback
 *fill*         0x000000000800440e        0x2 
 .text.TIM_Base_SetConfig
                0x0000000008004410      0x134 Drivers/STM32L4xx_HAL_Driver/Src/stm32l4xx_hal_tim.o
                0x0000000008004410                TIM_Base_SetConfig
 .text.TIM_TI1_ConfigInputStage
                0x0000000008004544       0x5e Drivers/STM32L4xx_HAL_Driver/Src/stm32l4xx_hal_tim.o
 .text.TIM_TI2_ConfigInputStage
                0x00000000080045a2       0x60 Drivers/STM32L4xx_HAL_Driver/Src/stm32l4xx_hal_tim.o
 .text.TIM_ITRx_SetConfig
                0x0000000008004602       0x36 Drivers/STM32L4xx_HAL_Driver/Src/stm32l4xx_hal_tim.o
 .text.TIM_ETR_SetConfig
                0x0000000008004638       0x40 Drivers/STM32L4xx_HAL_Driver/Src/stm32l4xx_hal_tim.o
                0x0000000008004638                TIM_ETR_SetConfig
 .text.HAL_TIMEx_MasterConfigSynchronization
                0x0000000008004678      0x110 Drivers/STM32L4xx_HAL_Driver/Src/stm32l4xx_hal_tim_ex.o
                0x0000000008004678                HAL_TIMEx_MasterConfigSynchronization
 .text.HAL_TIMEx_CommutCallback
                0x0000000008004788       0x14 Drivers/STM32L4xx_HAL_Driver/Src/stm32l4xx_hal_tim_ex.o
                0x0000000008004788                HAL_TIMEx_CommutCallback
 .text.HAL_TIMEx_BreakCallback
                0x000000000800479c       0x14 Drivers/STM32L4xx_HAL_Driver/Src/stm32l4xx_hal_tim_ex.o
                0x000000000800479c                HAL_TIMEx_BreakCallback
 .text.HAL_TIMEx_Break2Callback
                0x00000000080047b0       0x14 Drivers/STM32L4xx_HAL_Driver/Src/stm32l4xx_hal_tim_ex.o
                0x00000000080047b0                HAL_TIMEx_Break2Callback
 .text.HAL_UART_Init
                0x00000000080047c4       0x9c Drivers/STM32L4xx_HAL_Driver/Src/stm32l4xx_hal_uart.o
                0x00000000080047c4                HAL_UART_Init
 .text.HAL_UART_Transmit
                0x0000000008004860      0x126 Drivers/STM32L4xx_HAL_Driver/Src/stm32l4xx_hal_uart.o
                0x0000000008004860                HAL_UART_Transmit
 *fill*         0x0000000008004986        0x2 
 .text.UART_SetConfig
                0x0000000008004988      0x514 Drivers/STM32L4xx_HAL_Driver/Src/stm32l4xx_hal_uart.o
                0x0000000008004988                UART_SetConfig
 .text.UART_AdvFeatureConfig
                0x0000000008004e9c      0x144 Drivers/STM32L4xx_HAL_Driver/Src/stm32l4xx_hal_uart.o
                0x0000000008004e9c                UART_AdvFeatureConfig
 .text.UART_CheckIdleState
                0x0000000008004fe0       0x8a Drivers/STM32L4xx_HAL_Driver/Src/stm32l4xx_hal_uart.o
                0x0000000008004fe0                UART_CheckIdleState
 .text.UART_WaitOnFlagUntilTimeout
                0x000000000800506a       0xf6 Drivers/STM32L4xx_HAL_Driver/Src/stm32l4xx_hal_uart.o
                0x000000000800506a                UART_WaitOnFlagUntilTimeout
 .text.LSM6DSL_AccInit
                0x0000000008005160       0x72 Src/lsm6dsl.o
                0x0000000008005160                LSM6DSL_AccInit
 .text.LSM6DSL_AccDeInit
                0x00000000080051d2       0x32 Src/lsm6dsl.o
                0x00000000080051d2                LSM6DSL_AccDeInit
 .text.LSM6DSL_AccReadID
                0x0000000008005204       0x16 Src/lsm6dsl.o
                0x0000000008005204                LSM6DSL_AccReadID
 .text.LSM6DSL_AccLowPower
                0x000000000800521a       0x44 Src/lsm6dsl.o
                0x000000000800521a                LSM6DSL_AccLowPower
 *fill*         0x000000000800525e        0x2 
 .text.LSM6DSL_AccReadXYZ
                0x0000000008005260      0x134 Src/lsm6dsl.o
                0x0000000008005260                LSM6DSL_AccReadXYZ
 *fill*         0x0000000008005394        0x4 
 .text.main     0x0000000008005398      0x308 Src/main.o
                0x0000000008005398                main
 .text.SystemClock_Config
                0x00000000080056a0       0xf2 Src/main.o
                0x00000000080056a0                SystemClock_Config
 *fill*         0x0000000008005792        0x2 
 .text.MX_DAC1_Init
                0x0000000008005794       0x64 Src/main.o
 .text.MX_I2C2_Init
                0x00000000080057f8       0x80 Src/main.o
 .text.MX_QUADSPI_Init
                0x0000000008005878       0x4c Src/main.o
 .text.MX_TIM2_Init
                0x00000000080058c4       0x9c Src/main.o
 .text.MX_USART1_UART_Init
                0x0000000008005960       0x60 Src/main.o
 .text.MX_DMA_Init
                0x00000000080059c0       0x3c Src/main.o
 .text.MX_GPIO_Init
                0x00000000080059fc       0xd4 Src/main.o
 .text.Error_Handler
                0x0000000008005ad0        0xe Src/main.o
                0x0000000008005ad0                Error_Handler
 *fill*         0x0000000008005ade        0x2 
 .text.I2Cx_MspInit
                0x0000000008005ae0       0xb0 Src/stm32l475e_iot01.o
 .text.I2Cx_Init
                0x0000000008005b90       0x5c Src/stm32l475e_iot01.o
 .text.I2Cx_ReadMultiple
                0x0000000008005bec       0x5a Src/stm32l475e_iot01.o
 .text.I2Cx_WriteMultiple
                0x0000000008005c46       0x5a Src/stm32l475e_iot01.o
 .text.I2Cx_Error
                0x0000000008005ca0       0x20 Src/stm32l475e_iot01.o
 .text.SENSOR_IO_Init
                0x0000000008005cc0       0x14 Src/stm32l475e_iot01.o
                0x0000000008005cc0                SENSOR_IO_Init
 .text.SENSOR_IO_Write
                0x0000000008005cd4       0x34 Src/stm32l475e_iot01.o
                0x0000000008005cd4                SENSOR_IO_Write
 .text.SENSOR_IO_Read
                0x0000000008005d08       0x3c Src/stm32l475e_iot01.o
                0x0000000008005d08                SENSOR_IO_Read
 .text.SENSOR_IO_ReadMultiple
                0x0000000008005d44       0x3c Src/stm32l475e_iot01.o
                0x0000000008005d44                SENSOR_IO_ReadMultiple
 .text.BSP_ACCELERO_Init
                0x0000000008005d80       0x7c Src/stm32l475e_iot01_accelero.o
                0x0000000008005d80                BSP_ACCELERO_Init
 .text.BSP_ACCELERO_LowPower
                0x0000000008005dfc       0x34 Src/stm32l475e_iot01_accelero.o
                0x0000000008005dfc                BSP_ACCELERO_LowPower
 .text.BSP_ACCELERO_AccGetXYZ
                0x0000000008005e30       0x30 Src/stm32l475e_iot01_accelero.o
                0x0000000008005e30                BSP_ACCELERO_AccGetXYZ
 .text.HAL_MspInit
                0x0000000008005e60       0x48 Src/stm32l4xx_hal_msp.o
                0x0000000008005e60                HAL_MspInit
 .text.HAL_DAC_MspInit
                0x0000000008005ea8       0xd8 Src/stm32l4xx_hal_msp.o
                0x0000000008005ea8                HAL_DAC_MspInit
 .text.HAL_I2C_MspInit
                0x0000000008005f80       0x88 Src/stm32l4xx_hal_msp.o
                0x0000000008005f80                HAL_I2C_MspInit
 .text.HAL_I2C_MspDeInit
                0x0000000008006008       0x48 Src/stm32l4xx_hal_msp.o
                0x0000000008006008                HAL_I2C_MspDeInit
 .text.HAL_QSPI_MspInit
                0x0000000008006050       0x88 Src/stm32l4xx_hal_msp.o
                0x0000000008006050                HAL_QSPI_MspInit
 .text.HAL_TIM_Base_MspInit
                0x00000000080060d8       0x48 Src/stm32l4xx_hal_msp.o
                0x00000000080060d8                HAL_TIM_Base_MspInit
 .text.HAL_UART_MspInit
                0x0000000008006120       0x88 Src/stm32l4xx_hal_msp.o
                0x0000000008006120                HAL_UART_MspInit
 .text.NMI_Handler
                0x00000000080061a8        0xe Src/stm32l4xx_it.o
                0x00000000080061a8                NMI_Handler
 .text.HardFault_Handler
                0x00000000080061b6        0x6 Src/stm32l4xx_it.o
                0x00000000080061b6                HardFault_Handler
 .text.MemManage_Handler
                0x00000000080061bc        0x6 Src/stm32l4xx_it.o
                0x00000000080061bc                MemManage_Handler
 .text.BusFault_Handler
                0x00000000080061c2        0x6 Src/stm32l4xx_it.o
                0x00000000080061c2                BusFault_Handler
 .text.UsageFault_Handler
                0x00000000080061c8        0x6 Src/stm32l4xx_it.o
                0x00000000080061c8                UsageFault_Handler
 .text.SVC_Handler
                0x00000000080061ce        0xe Src/stm32l4xx_it.o
                0x00000000080061ce                SVC_Handler
 .text.DebugMon_Handler
                0x00000000080061dc        0xe Src/stm32l4xx_it.o
                0x00000000080061dc                DebugMon_Handler
 .text.PendSV_Handler
                0x00000000080061ea        0xe Src/stm32l4xx_it.o
                0x00000000080061ea                PendSV_Handler
 .text.SysTick_Handler
                0x00000000080061f8        0xc Src/stm32l4xx_it.o
                0x00000000080061f8                SysTick_Handler
 .text.DMA1_Channel3_IRQHandler
                0x0000000008006204       0x14 Src/stm32l4xx_it.o
                0x0000000008006204                DMA1_Channel3_IRQHandler
 .text.TIM2_IRQHandler
                0x0000000008006218       0x14 Src/stm32l4xx_it.o
                0x0000000008006218                TIM2_IRQHandler
 .text._sbrk    0x000000000800622c       0x6c Src/sysmem.o
                0x000000000800622c                _sbrk
 .text.SystemInit
                0x0000000008006298       0x6c Src/system_stm32l4xx.o
                0x0000000008006298                SystemInit
 .text.Reset_Handler
                0x0000000008006304       0x50 Startup/startup_stm32l475vgtx.o
                0x0000000008006304                Reset_Handler
 .text.Default_Handler
                0x0000000008006354        0x2 Startup/startup_stm32l475vgtx.o
                0x0000000008006354                RTC_Alarm_IRQHandler
                0x0000000008006354                EXTI2_IRQHandler
                0x0000000008006354                TIM8_TRG_COM_IRQHandler
                0x0000000008006354                TIM8_CC_IRQHandler
                0x0000000008006354                TIM1_CC_IRQHandler
                0x0000000008006354                TSC_IRQHandler
                0x0000000008006354                TAMP_STAMP_IRQHandler
                0x0000000008006354                EXTI3_IRQHandler
                0x0000000008006354                LPTIM2_IRQHandler
                0x0000000008006354                DFSDM1_FLT1_IRQHandler
                0x0000000008006354                I2C3_ER_IRQHandler
                0x0000000008006354                DFSDM1_FLT2_IRQHandler
                0x0000000008006354                EXTI0_IRQHandler
                0x0000000008006354                I2C2_EV_IRQHandler
                0x0000000008006354                CAN1_RX0_IRQHandler
                0x0000000008006354                FPU_IRQHandler
                0x0000000008006354                TIM1_UP_TIM16_IRQHandler
                0x0000000008006354                ADC1_2_IRQHandler
                0x0000000008006354                SPI1_IRQHandler
                0x0000000008006354                TIM6_DAC_IRQHandler
                0x0000000008006354                TIM8_UP_IRQHandler
                0x0000000008006354                DMA2_Channel2_IRQHandler
                0x0000000008006354                DMA1_Channel4_IRQHandler
                0x0000000008006354                SAI2_IRQHandler
                0x0000000008006354                DFSDM1_FLT3_IRQHandler
                0x0000000008006354                USART3_IRQHandler
                0x0000000008006354                DMA1_Channel7_IRQHandler
                0x0000000008006354                CAN1_RX1_IRQHandler
                0x0000000008006354                UART5_IRQHandler
                0x0000000008006354                ADC3_IRQHandler
                0x0000000008006354                TIM4_IRQHandler
                0x0000000008006354                DMA2_Channel1_IRQHandler
                0x0000000008006354                QUADSPI_IRQHandler
                0x0000000008006354                I2C1_EV_IRQHandler
                0x0000000008006354                DMA1_Channel6_IRQHandler
                0x0000000008006354                UART4_IRQHandler
                0x0000000008006354                DMA2_Channel4_IRQHandler
                0x0000000008006354                TIM3_IRQHandler
                0x0000000008006354                RCC_IRQHandler
                0x0000000008006354                DMA1_Channel1_IRQHandler
                0x0000000008006354                Default_Handler
                0x0000000008006354                DMA2_Channel7_IRQHandler
                0x0000000008006354                EXTI15_10_IRQHandler
                0x0000000008006354                TIM7_IRQHandler
                0x0000000008006354                SDMMC1_IRQHandler
                0x0000000008006354                TIM5_IRQHandler
                0x0000000008006354                I2C3_EV_IRQHandler
                0x0000000008006354                EXTI9_5_IRQHandler
                0x0000000008006354                RTC_WKUP_IRQHandler
                0x0000000008006354                PVD_PVM_IRQHandler
                0x0000000008006354                SPI2_IRQHandler
                0x0000000008006354                CAN1_TX_IRQHandler
                0x0000000008006354                DMA2_Channel5_IRQHandler
                0x0000000008006354                DMA1_Channel5_IRQHandler
                0x0000000008006354                EXTI4_IRQHandler
                0x0000000008006354                RNG_IRQHandler
                0x0000000008006354                TIM1_TRG_COM_TIM17_IRQHandler
                0x0000000008006354                COMP_IRQHandler
                0x0000000008006354                WWDG_IRQHandler
                0x0000000008006354                LPUART1_IRQHandler
                0x0000000008006354                DMA2_Channel6_IRQHandler
                0x0000000008006354                EXTI1_IRQHandler
                0x0000000008006354                USART2_IRQHandler
                0x0000000008006354                DFSDM1_FLT0_IRQHandler
                0x0000000008006354                I2C2_ER_IRQHandler
                0x0000000008006354                DMA1_Channel2_IRQHandler
                0x0000000008006354                TIM8_BRK_IRQHandler
                0x0000000008006354                CAN1_SCE_IRQHandler
                0x0000000008006354                FLASH_IRQHandler
                0x0000000008006354                USART1_IRQHandler
                0x0000000008006354                OTG_FS_IRQHandler
                0x0000000008006354                SPI3_IRQHandler
                0x0000000008006354                I2C1_ER_IRQHandler
                0x0000000008006354                FMC_IRQHandler
                0x0000000008006354                SWPMI1_IRQHandler
                0x0000000008006354                LPTIM1_IRQHandler
                0x0000000008006354                SAI1_IRQHandler
                0x0000000008006354                DMA2_Channel3_IRQHandler
                0x0000000008006354                TIM1_BRK_TIM15_IRQHandler
 *fill*         0x0000000008006356        0x2 
 .text.__errno  0x0000000008006358        0xc c:/st/stm32cubeide_1.4.0/stm32cubeide/plugins/com.st.stm32cube.ide.mcu.externaltools.gnu-tools-for-stm32.7-2018-q2-update.win32_1.4.0.202007081208/tools/bin/../lib/gcc/arm-none-eabi/7.3.1/../../../../arm-none-eabi/lib/thumb/v7e-m/fpv4-sp/hard\libc_nano.a(lib_a-errno.o)
                0x0000000008006358                __errno
 .text.__libc_init_array
                0x0000000008006364       0x48 c:/st/stm32cubeide_1.4.0/stm32cubeide/plugins/com.st.stm32cube.ide.mcu.externaltools.gnu-tools-for-stm32.7-2018-q2-update.win32_1.4.0.202007081208/tools/bin/../lib/gcc/arm-none-eabi/7.3.1/../../../../arm-none-eabi/lib/thumb/v7e-m/fpv4-sp/hard\libc_nano.a(lib_a-init.o)
                0x0000000008006364                __libc_init_array
 .text.memset   0x00000000080063ac       0x10 c:/st/stm32cubeide_1.4.0/stm32cubeide/plugins/com.st.stm32cube.ide.mcu.externaltools.gnu-tools-for-stm32.7-2018-q2-update.win32_1.4.0.202007081208/tools/bin/../lib/gcc/arm-none-eabi/7.3.1/../../../../arm-none-eabi/lib/thumb/v7e-m/fpv4-sp/hard\libc_nano.a(lib_a-memset.o)
                0x00000000080063ac                memset
 .text.sprintf  0x00000000080063bc       0x40 c:/st/stm32cubeide_1.4.0/stm32cubeide/plugins/com.st.stm32cube.ide.mcu.externaltools.gnu-tools-for-stm32.7-2018-q2-update.win32_1.4.0.202007081208/tools/bin/../lib/gcc/arm-none-eabi/7.3.1/../../../../arm-none-eabi/lib/thumb/v7e-m/fpv4-sp/hard\libc_nano.a(lib_a-sprintf.o)
                0x00000000080063bc                siprintf
                0x00000000080063bc                sprintf
 .text.__ssputs_r
                0x00000000080063fc       0xb4 c:/st/stm32cubeide_1.4.0/stm32cubeide/plugins/com.st.stm32cube.ide.mcu.externaltools.gnu-tools-for-stm32.7-2018-q2-update.win32_1.4.0.202007081208/tools/bin/../lib/gcc/arm-none-eabi/7.3.1/../../../../arm-none-eabi/lib/thumb/v7e-m/fpv4-sp/hard\libc_nano.a(lib_a-nano-svfprintf.o)
                0x00000000080063fc                __ssputs_r
 .text._svfprintf_r
                0x00000000080064b0      0x1f0 c:/st/stm32cubeide_1.4.0/stm32cubeide/plugins/com.st.stm32cube.ide.mcu.externaltools.gnu-tools-for-stm32.7-2018-q2-update.win32_1.4.0.202007081208/tools/bin/../lib/gcc/arm-none-eabi/7.3.1/../../../../arm-none-eabi/lib/thumb/v7e-m/fpv4-sp/hard\libc_nano.a(lib_a-nano-svfprintf.o)
                0x00000000080064b0                _svfiprintf_r
                0x00000000080064b0                _svfprintf_r
 .text._printf_common
                0x00000000080066a0       0xea c:/st/stm32cubeide_1.4.0/stm32cubeide/plugins/com.st.stm32cube.ide.mcu.externaltools.gnu-tools-for-stm32.7-2018-q2-update.win32_1.4.0.202007081208/tools/bin/../lib/gcc/arm-none-eabi/7.3.1/../../../../arm-none-eabi/lib/thumb/v7e-m/fpv4-sp/hard\libc_nano.a(lib_a-nano-vfprintf_i.o)
                0x00000000080066a0                _printf_common
 *fill*         0x000000000800678a        0x2 
 .text._printf_i
                0x000000000800678c      0x224 c:/st/stm32cubeide_1.4.0/stm32cubeide/plugins/com.st.stm32cube.ide.mcu.externaltools.gnu-tools-for-stm32.7-2018-q2-update.win32_1.4.0.202007081208/tools/bin/../lib/gcc/arm-none-eabi/7.3.1/../../../../arm-none-eabi/lib/thumb/v7e-m/fpv4-sp/hard\libc_nano.a(lib_a-nano-vfprintf_i.o)
                0x000000000800678c                _printf_i
 .text.memcpy   0x00000000080069b0       0x16 c:/st/stm32cubeide_1.4.0/stm32cubeide/plugins/com.st.stm32cube.ide.mcu.externaltools.gnu-tools-for-stm32.7-2018-q2-update.win32_1.4.0.202007081208/tools/bin/../lib/gcc/arm-none-eabi/7.3.1/../../../../arm-none-eabi/lib/thumb/v7e-m/fpv4-sp/hard\libc_nano.a(lib_a-memcpy-stub.o)
                0x00000000080069b0                memcpy
 .text.memmove  0x00000000080069c6       0x32 c:/st/stm32cubeide_1.4.0/stm32cubeide/plugins/com.st.stm32cube.ide.mcu.externaltools.gnu-tools-for-stm32.7-2018-q2-update.win32_1.4.0.202007081208/tools/bin/../lib/gcc/arm-none-eabi/7.3.1/../../../../arm-none-eabi/lib/thumb/v7e-m/fpv4-sp/hard\libc_nano.a(lib_a-memmove.o)
                0x00000000080069c6                memmove
 .text._free_r  0x00000000080069f8       0x9c c:/st/stm32cubeide_1.4.0/stm32cubeide/plugins/com.st.stm32cube.ide.mcu.externaltools.gnu-tools-for-stm32.7-2018-q2-update.win32_1.4.0.202007081208/tools/bin/../lib/gcc/arm-none-eabi/7.3.1/../../../../arm-none-eabi/lib/thumb/v7e-m/fpv4-sp/hard\libc_nano.a(lib_a-nano-freer.o)
                0x00000000080069f8                _free_r
 .text._malloc_r
                0x0000000008006a94       0xb4 c:/st/stm32cubeide_1.4.0/stm32cubeide/plugins/com.st.stm32cube.ide.mcu.externaltools.gnu-tools-for-stm32.7-2018-q2-update.win32_1.4.0.202007081208/tools/bin/../lib/gcc/arm-none-eabi/7.3.1/../../../../arm-none-eabi/lib/thumb/v7e-m/fpv4-sp/hard\libc_nano.a(lib_a-nano-mallocr.o)
                0x0000000008006a94                _malloc_r
 .text._realloc_r
                0x0000000008006b48       0x4c c:/st/stm32cubeide_1.4.0/stm32cubeide/plugins/com.st.stm32cube.ide.mcu.externaltools.gnu-tools-for-stm32.7-2018-q2-update.win32_1.4.0.202007081208/tools/bin/../lib/gcc/arm-none-eabi/7.3.1/../../../../arm-none-eabi/lib/thumb/v7e-m/fpv4-sp/hard\libc_nano.a(lib_a-nano-reallocr.o)
                0x0000000008006b48                _realloc_r
 .text._sbrk_r  0x0000000008006b94       0x20 c:/st/stm32cubeide_1.4.0/stm32cubeide/plugins/com.st.stm32cube.ide.mcu.externaltools.gnu-tools-for-stm32.7-2018-q2-update.win32_1.4.0.202007081208/tools/bin/../lib/gcc/arm-none-eabi/7.3.1/../../../../arm-none-eabi/lib/thumb/v7e-m/fpv4-sp/hard\libc_nano.a(lib_a-sbrkr.o)
                0x0000000008006b94                _sbrk_r
 .text.__malloc_lock
                0x0000000008006bb4        0x2 c:/st/stm32cubeide_1.4.0/stm32cubeide/plugins/com.st.stm32cube.ide.mcu.externaltools.gnu-tools-for-stm32.7-2018-q2-update.win32_1.4.0.202007081208/tools/bin/../lib/gcc/arm-none-eabi/7.3.1/../../../../arm-none-eabi/lib/thumb/v7e-m/fpv4-sp/hard\libc_nano.a(lib_a-mlock.o)
                0x0000000008006bb4                __malloc_lock
 .text.__malloc_unlock
                0x0000000008006bb6        0x2 c:/st/stm32cubeide_1.4.0/stm32cubeide/plugins/com.st.stm32cube.ide.mcu.externaltools.gnu-tools-for-stm32.7-2018-q2-update.win32_1.4.0.202007081208/tools/bin/../lib/gcc/arm-none-eabi/7.3.1/../../../../arm-none-eabi/lib/thumb/v7e-m/fpv4-sp/hard\libc_nano.a(lib_a-mlock.o)
                0x0000000008006bb6                __malloc_unlock
 .text._malloc_usable_size_r
                0x0000000008006bb8       0x10 c:/st/stm32cubeide_1.4.0/stm32cubeide/plugins/com.st.stm32cube.ide.mcu.externaltools.gnu-tools-for-stm32.7-2018-q2-update.win32_1.4.0.202007081208/tools/bin/../lib/gcc/arm-none-eabi/7.3.1/../../../../arm-none-eabi/lib/thumb/v7e-m/fpv4-sp/hard\libc_nano.a(lib_a-nano-msizer.o)
                0x0000000008006bb8                _malloc_usable_size_r
 .text.pow      0x0000000008006bc8      0x2e0 c:/st/stm32cubeide_1.4.0/stm32cubeide/plugins/com.st.stm32cube.ide.mcu.externaltools.gnu-tools-for-stm32.7-2018-q2-update.win32_1.4.0.202007081208/tools/bin/../lib/gcc/arm-none-eabi/7.3.1/../../../../arm-none-eabi/lib/thumb/v7e-m/fpv4-sp/hard\libm.a(lib_a-w_pow.o)
                0x0000000008006bc8                pow
 .text.sqrt     0x0000000008006ea8       0xb4 c:/st/stm32cubeide_1.4.0/stm32cubeide/plugins/com.st.stm32cube.ide.mcu.externaltools.gnu-tools-for-stm32.7-2018-q2-update.win32_1.4.0.202007081208/tools/bin/../lib/gcc/arm-none-eabi/7.3.1/../../../../arm-none-eabi/lib/thumb/v7e-m/fpv4-sp/hard\libm.a(lib_a-w_sqrt.o)
                0x0000000008006ea8                sqrt
 *fill*         0x0000000008006f5c        0x4 
 .text.__ieee754_pow
                0x0000000008006f60      0xa1c c:/st/stm32cubeide_1.4.0/stm32cubeide/plugins/com.st.stm32cube.ide.mcu.externaltools.gnu-tools-for-stm32.7-2018-q2-update.win32_1.4.0.202007081208/tools/bin/../lib/gcc/arm-none-eabi/7.3.1/../../../../arm-none-eabi/lib/thumb/v7e-m/fpv4-sp/hard\libm.a(lib_a-e_pow.o)
                0x0000000008006f60                __ieee754_pow
 .text.__ieee754_sqrt
                0x000000000800797c      0x160 c:/st/stm32cubeide_1.4.0/stm32cubeide/plugins/com.st.stm32cube.ide.mcu.externaltools.gnu-tools-for-stm32.7-2018-q2-update.win32_1.4.0.202007081208/tools/bin/../lib/gcc/arm-none-eabi/7.3.1/../../../../arm-none-eabi/lib/thumb/v7e-m/fpv4-sp/hard\libm.a(lib_a-e_sqrt.o)
                0x000000000800797c                __ieee754_sqrt
 .text.fabs     0x0000000008007adc       0x12 c:/st/stm32cubeide_1.4.0/stm32cubeide/plugins/com.st.stm32cube.ide.mcu.externaltools.gnu-tools-for-stm32.7-2018-q2-update.win32_1.4.0.202007081208/tools/bin/../lib/gcc/arm-none-eabi/7.3.1/../../../../arm-none-eabi/lib/thumb/v7e-m/fpv4-sp/hard\libm.a(lib_a-s_fabs.o)
                0x0000000008007adc                fabs
 .text.finite   0x0000000008007aee       0x10 c:/st/stm32cubeide_1.4.0/stm32cubeide/plugins/com.st.stm32cube.ide.mcu.externaltools.gnu-tools-for-stm32.7-2018-q2-update.win32_1.4.0.202007081208/tools/bin/../lib/gcc/arm-none-eabi/7.3.1/../../../../arm-none-eabi/lib/thumb/v7e-m/fpv4-sp/hard\libm.a(lib_a-s_finite.o)
                0x0000000008007aee                finite
 .text.matherr  0x0000000008007afe        0x4 c:/st/stm32cubeide_1.4.0/stm32cubeide/plugins/com.st.stm32cube.ide.mcu.externaltools.gnu-tools-for-stm32.7-2018-q2-update.win32_1.4.0.202007081208/tools/bin/../lib/gcc/arm-none-eabi/7.3.1/../../../../arm-none-eabi/lib/thumb/v7e-m/fpv4-sp/hard\libm.a(lib_a-s_matherr.o)
                0x0000000008007afe                matherr
 *fill*         0x0000000008007b02        0x6 
 .text.nan      0x0000000008007b08       0x10 c:/st/stm32cubeide_1.4.0/stm32cubeide/plugins/com.st.stm32cube.ide.mcu.externaltools.gnu-tools-for-stm32.7-2018-q2-update.win32_1.4.0.202007081208/tools/bin/../lib/gcc/arm-none-eabi/7.3.1/../../../../arm-none-eabi/lib/thumb/v7e-m/fpv4-sp/hard\libm.a(lib_a-s_nan.o)
                0x0000000008007b08                nan
 .text.rint     0x0000000008007b18      0x108 c:/st/stm32cubeide_1.4.0/stm32cubeide/plugins/com.st.stm32cube.ide.mcu.externaltools.gnu-tools-for-stm32.7-2018-q2-update.win32_1.4.0.202007081208/tools/bin/../lib/gcc/arm-none-eabi/7.3.1/../../../../arm-none-eabi/lib/thumb/v7e-m/fpv4-sp/hard\libm.a(lib_a-s_rint.o)
                0x0000000008007b18                rint
 .text.scalbn   0x0000000008007c20       0xec c:/st/stm32cubeide_1.4.0/stm32cubeide/plugins/com.st.stm32cube.ide.mcu.externaltools.gnu-tools-for-stm32.7-2018-q2-update.win32_1.4.0.202007081208/tools/bin/../lib/gcc/arm-none-eabi/7.3.1/../../../../arm-none-eabi/lib/thumb/v7e-m/fpv4-sp/hard\libm.a(lib_a-s_scalbn.o)
                0x0000000008007c20                scalbn
 .text.copysign
                0x0000000008007d0c       0x1e c:/st/stm32cubeide_1.4.0/stm32cubeide/plugins/com.st.stm32cube.ide.mcu.externaltools.gnu-tools-for-stm32.7-2018-q2-update.win32_1.4.0.202007081208/tools/bin/../lib/gcc/arm-none-eabi/7.3.1/../../../../arm-none-eabi/lib/thumb/v7e-m/fpv4-sp/hard\libm.a(lib_a-s_copysign.o)
                0x0000000008007d0c                copysign
 *(.glue_7)
 .glue_7        0x0000000008007d2a        0x0 linker stubs
 *(.glue_7t)
 .glue_7t       0x0000000008007d2a        0x0 linker stubs
 *(.eh_frame)
 *fill*         0x0000000008007d2a        0x2 
 .eh_frame      0x0000000008007d2c        0x0 c:/st/stm32cubeide_1.4.0/stm32cubeide/plugins/com.st.stm32cube.ide.mcu.externaltools.gnu-tools-for-stm32.7-2018-q2-update.win32_1.4.0.202007081208/tools/bin/../lib/gcc/arm-none-eabi/7.3.1/thumb/v7e-m/fpv4-sp/hard/crtbegin.o
 *(.init)
 .init          0x0000000008007d2c        0x4 c:/st/stm32cubeide_1.4.0/stm32cubeide/plugins/com.st.stm32cube.ide.mcu.externaltools.gnu-tools-for-stm32.7-2018-q2-update.win32_1.4.0.202007081208/tools/bin/../lib/gcc/arm-none-eabi/7.3.1/thumb/v7e-m/fpv4-sp/hard/crti.o
                0x0000000008007d2c                _init
 .init          0x0000000008007d30        0x8 c:/st/stm32cubeide_1.4.0/stm32cubeide/plugins/com.st.stm32cube.ide.mcu.externaltools.gnu-tools-for-stm32.7-2018-q2-update.win32_1.4.0.202007081208/tools/bin/../lib/gcc/arm-none-eabi/7.3.1/thumb/v7e-m/fpv4-sp/hard/crtn.o
 *(.fini)
 .fini          0x0000000008007d38        0x4 c:/st/stm32cubeide_1.4.0/stm32cubeide/plugins/com.st.stm32cube.ide.mcu.externaltools.gnu-tools-for-stm32.7-2018-q2-update.win32_1.4.0.202007081208/tools/bin/../lib/gcc/arm-none-eabi/7.3.1/thumb/v7e-m/fpv4-sp/hard/crti.o
                0x0000000008007d38                _fini
 .fini          0x0000000008007d3c        0x8 c:/st/stm32cubeide_1.4.0/stm32cubeide/plugins/com.st.stm32cube.ide.mcu.externaltools.gnu-tools-for-stm32.7-2018-q2-update.win32_1.4.0.202007081208/tools/bin/../lib/gcc/arm-none-eabi/7.3.1/thumb/v7e-m/fpv4-sp/hard/crtn.o
                0x0000000008007d44                . = ALIGN (0x4)
                0x0000000008007d44                _etext = .

.vfp11_veneer   0x0000000008007d44        0x0
 .vfp11_veneer  0x0000000008007d44        0x0 linker stubs

.v4_bx          0x0000000008007d44        0x0
 .v4_bx         0x0000000008007d44        0x0 linker stubs

.iplt           0x0000000008007d44        0x0
 .iplt          0x0000000008007d44        0x0 c:/st/stm32cubeide_1.4.0/stm32cubeide/plugins/com.st.stm32cube.ide.mcu.externaltools.gnu-tools-for-stm32.7-2018-q2-update.win32_1.4.0.202007081208/tools/bin/../lib/gcc/arm-none-eabi/7.3.1/thumb/v7e-m/fpv4-sp/hard/crtbegin.o

.rodata         0x0000000008007d48       0xf8
                0x0000000008007d48                . = ALIGN (0x4)
 *(.rodata)
 .rodata        0x0000000008007d48       0x34 Src/main.o
 *(.rodata*)
 .rodata.AHBPrescTable
                0x0000000008007d7c       0x10 Src/system_stm32l4xx.o
                0x0000000008007d7c                AHBPrescTable
 .rodata.APBPrescTable
                0x0000000008007d8c        0x8 Src/system_stm32l4xx.o
                0x0000000008007d8c                APBPrescTable
 .rodata.MSIRangeTable
                0x0000000008007d94       0x30 Src/system_stm32l4xx.o
                0x0000000008007d94                MSIRangeTable
 .rodata._svfprintf_r.str1.1
                0x0000000008007dc4       0x11 c:/st/stm32cubeide_1.4.0/stm32cubeide/plugins/com.st.stm32cube.ide.mcu.externaltools.gnu-tools-for-stm32.7-2018-q2-update.win32_1.4.0.202007081208/tools/bin/../lib/gcc/arm-none-eabi/7.3.1/../../../../arm-none-eabi/lib/thumb/v7e-m/fpv4-sp/hard\libc_nano.a(lib_a-nano-svfprintf.o)
 .rodata._printf_i.str1.1
                0x0000000008007dd5       0x22 c:/st/stm32cubeide_1.4.0/stm32cubeide/plugins/com.st.stm32cube.ide.mcu.externaltools.gnu-tools-for-stm32.7-2018-q2-update.win32_1.4.0.202007081208/tools/bin/../lib/gcc/arm-none-eabi/7.3.1/../../../../arm-none-eabi/lib/thumb/v7e-m/fpv4-sp/hard\libc_nano.a(lib_a-nano-vfprintf_i.o)
 .rodata.pow.str1.1
                0x0000000008007df7        0x4 c:/st/stm32cubeide_1.4.0/stm32cubeide/plugins/com.st.stm32cube.ide.mcu.externaltools.gnu-tools-for-stm32.7-2018-q2-update.win32_1.4.0.202007081208/tools/bin/../lib/gcc/arm-none-eabi/7.3.1/../../../../arm-none-eabi/lib/thumb/v7e-m/fpv4-sp/hard\libm.a(lib_a-w_pow.o)
 .rodata.sqrt.str1.1
                0x0000000008007dfb        0x5 c:/st/stm32cubeide_1.4.0/stm32cubeide/plugins/com.st.stm32cube.ide.mcu.externaltools.gnu-tools-for-stm32.7-2018-q2-update.win32_1.4.0.202007081208/tools/bin/../lib/gcc/arm-none-eabi/7.3.1/../../../../arm-none-eabi/lib/thumb/v7e-m/fpv4-sp/hard\libm.a(lib_a-w_sqrt.o)
 .rodata.__ieee754_pow.str1.1
                0x0000000008007e00        0x5 c:/st/stm32cubeide_1.4.0/stm32cubeide/plugins/com.st.stm32cube.ide.mcu.externaltools.gnu-tools-for-stm32.7-2018-q2-update.win32_1.4.0.202007081208/tools/bin/../lib/gcc/arm-none-eabi/7.3.1/../../../../arm-none-eabi/lib/thumb/v7e-m/fpv4-sp/hard\libm.a(lib_a-e_pow.o)
                                          0x1 (size before relaxing)
 .rodata.bp     0x0000000008007e00       0x10 c:/st/stm32cubeide_1.4.0/stm32cubeide/plugins/com.st.stm32cube.ide.mcu.externaltools.gnu-tools-for-stm32.7-2018-q2-update.win32_1.4.0.202007081208/tools/bin/../lib/gcc/arm-none-eabi/7.3.1/../../../../arm-none-eabi/lib/thumb/v7e-m/fpv4-sp/hard\libm.a(lib_a-e_pow.o)
 .rodata.dp_h   0x0000000008007e10       0x10 c:/st/stm32cubeide_1.4.0/stm32cubeide/plugins/com.st.stm32cube.ide.mcu.externaltools.gnu-tools-for-stm32.7-2018-q2-update.win32_1.4.0.202007081208/tools/bin/../lib/gcc/arm-none-eabi/7.3.1/../../../../arm-none-eabi/lib/thumb/v7e-m/fpv4-sp/hard\libm.a(lib_a-e_pow.o)
 .rodata.dp_l   0x0000000008007e20       0x10 c:/st/stm32cubeide_1.4.0/stm32cubeide/plugins/com.st.stm32cube.ide.mcu.externaltools.gnu-tools-for-stm32.7-2018-q2-update.win32_1.4.0.202007081208/tools/bin/../lib/gcc/arm-none-eabi/7.3.1/../../../../arm-none-eabi/lib/thumb/v7e-m/fpv4-sp/hard\libm.a(lib_a-e_pow.o)
 .rodata.TWO52  0x0000000008007e30       0x10 c:/st/stm32cubeide_1.4.0/stm32cubeide/plugins/com.st.stm32cube.ide.mcu.externaltools.gnu-tools-for-stm32.7-2018-q2-update.win32_1.4.0.202007081208/tools/bin/../lib/gcc/arm-none-eabi/7.3.1/../../../../arm-none-eabi/lib/thumb/v7e-m/fpv4-sp/hard\libm.a(lib_a-s_rint.o)
                0x0000000008007e40                . = ALIGN (0x4)

.ARM.extab      0x0000000008007e40        0x0
                0x0000000008007e40                . = ALIGN (0x4)
 *(.ARM.extab* .gnu.linkonce.armextab.*)
                0x0000000008007e40                . = ALIGN (0x4)

.ARM            0x0000000008007e40        0x8
                0x0000000008007e40                . = ALIGN (0x4)
                0x0000000008007e40                __exidx_start = .
 *(.ARM.exidx*)
 .ARM.exidx     0x0000000008007e40        0x8 c:/st/stm32cubeide_1.4.0/stm32cubeide/plugins/com.st.stm32cube.ide.mcu.externaltools.gnu-tools-for-stm32.7-2018-q2-update.win32_1.4.0.202007081208/tools/bin/../lib/gcc/arm-none-eabi/7.3.1/thumb/v7e-m/fpv4-sp/hard\libgcc.a(_udivmoddi4.o)
                0x0000000008007e48                __exidx_end = .
                0x0000000008007e48                . = ALIGN (0x4)

.rel.dyn        0x0000000008007e48        0x0
 .rel.iplt      0x0000000008007e48        0x0 c:/st/stm32cubeide_1.4.0/stm32cubeide/plugins/com.st.stm32cube.ide.mcu.externaltools.gnu-tools-for-stm32.7-2018-q2-update.win32_1.4.0.202007081208/tools/bin/../lib/gcc/arm-none-eabi/7.3.1/thumb/v7e-m/fpv4-sp/hard/crtbegin.o

.preinit_array  0x0000000008007e48        0x0
                0x0000000008007e48                . = ALIGN (0x4)
                0x0000000008007e48                PROVIDE (__preinit_array_start = .)
 *(.preinit_array*)
                0x0000000008007e48                PROVIDE (__preinit_array_end = .)
                0x0000000008007e48                . = ALIGN (0x4)

.init_array     0x0000000008007e48        0x4
                0x0000000008007e48                . = ALIGN (0x4)
                0x0000000008007e48                PROVIDE (__init_array_start = .)
 *(SORT_BY_NAME(.init_array.*))
 *(.init_array*)
 .init_array    0x0000000008007e48        0x4 c:/st/stm32cubeide_1.4.0/stm32cubeide/plugins/com.st.stm32cube.ide.mcu.externaltools.gnu-tools-for-stm32.7-2018-q2-update.win32_1.4.0.202007081208/tools/bin/../lib/gcc/arm-none-eabi/7.3.1/thumb/v7e-m/fpv4-sp/hard/crtbegin.o
                0x0000000008007e4c                PROVIDE (__init_array_end = .)
                0x0000000008007e4c                . = ALIGN (0x4)

.fini_array     0x0000000008007e4c        0x4
                0x0000000008007e4c                . = ALIGN (0x4)
                [!provide]                        PROVIDE (__fini_array_start = .)
 *(SORT_BY_NAME(.fini_array.*))
 *(.fini_array*)
 .fini_array    0x0000000008007e4c        0x4 c:/st/stm32cubeide_1.4.0/stm32cubeide/plugins/com.st.stm32cube.ide.mcu.externaltools.gnu-tools-for-stm32.7-2018-q2-update.win32_1.4.0.202007081208/tools/bin/../lib/gcc/arm-none-eabi/7.3.1/thumb/v7e-m/fpv4-sp/hard/crtbegin.o
                [!provide]                        PROVIDE (__fini_array_end = .)
                0x0000000008007e50                . = ALIGN (0x4)
                0x0000000008007e50                _sidata = LOADADDR (.data)

.data           0x0000000020000000       0xa8 load address 0x0000000008007e50
                0x0000000020000000                . = ALIGN (0x4)
                0x0000000020000000                _sdata = .
 *(.data)
 *(.data*)
 .data.uwTickPrio
                0x0000000020000000        0x4 Drivers/STM32L4xx_HAL_Driver/Src/stm32l4xx_hal.o
                0x0000000020000000                uwTickPrio
 .data.uwTickFreq
                0x0000000020000004        0x1 Drivers/STM32L4xx_HAL_Driver/Src/stm32l4xx_hal.o
                0x0000000020000004                uwTickFreq
 *fill*         0x0000000020000005        0x3 
 .data.Lsm6dslAccDrv
                0x0000000020000008       0x34 Src/lsm6dsl.o
                0x0000000020000008                Lsm6dslAccDrv
 .data.SystemCoreClock
                0x000000002000003c        0x4 Src/system_stm32l4xx.o
                0x000000002000003c                SystemCoreClock
 .data._impure_ptr
                0x0000000020000040        0x4 c:/st/stm32cubeide_1.4.0/stm32cubeide/plugins/com.st.stm32cube.ide.mcu.externaltools.gnu-tools-for-stm32.7-2018-q2-update.win32_1.4.0.202007081208/tools/bin/../lib/gcc/arm-none-eabi/7.3.1/../../../../arm-none-eabi/lib/thumb/v7e-m/fpv4-sp/hard\libc_nano.a(lib_a-impure.o)
                0x0000000020000040                _impure_ptr
 .data.impure_data
                0x0000000020000044       0x60 c:/st/stm32cubeide_1.4.0/stm32cubeide/plugins/com.st.stm32cube.ide.mcu.externaltools.gnu-tools-for-stm32.7-2018-q2-update.win32_1.4.0.202007081208/tools/bin/../lib/gcc/arm-none-eabi/7.3.1/../../../../arm-none-eabi/lib/thumb/v7e-m/fpv4-sp/hard\libc_nano.a(lib_a-impure.o)
 .data.__fdlib_version
                0x00000000200000a4        0x1 c:/st/stm32cubeide_1.4.0/stm32cubeide/plugins/com.st.stm32cube.ide.mcu.externaltools.gnu-tools-for-stm32.7-2018-q2-update.win32_1.4.0.202007081208/tools/bin/../lib/gcc/arm-none-eabi/7.3.1/../../../../arm-none-eabi/lib/thumb/v7e-m/fpv4-sp/hard\libm.a(lib_a-s_lib_ver.o)
                0x00000000200000a4                __fdlib_version
                0x00000000200000a8                . = ALIGN (0x4)
 *fill*         0x00000000200000a5        0x3 
                0x00000000200000a8                _edata = .

.igot.plt       0x00000000200000a8        0x0 load address 0x0000000008007ef8
 .igot.plt      0x00000000200000a8        0x0 c:/st/stm32cubeide_1.4.0/stm32cubeide/plugins/com.st.stm32cube.ide.mcu.externaltools.gnu-tools-for-stm32.7-2018-q2-update.win32_1.4.0.202007081208/tools/bin/../lib/gcc/arm-none-eabi/7.3.1/thumb/v7e-m/fpv4-sp/hard/crtbegin.o
                0x00000000200000a8                . = ALIGN (0x4)

.bss            0x00000000200000a8      0x2b8 load address 0x0000000008007ef8
                0x00000000200000a8                _sbss = .
                0x00000000200000a8                __bss_start__ = _sbss
 *(.bss)
 .bss           0x00000000200000a8       0x1c c:/st/stm32cubeide_1.4.0/stm32cubeide/plugins/com.st.stm32cube.ide.mcu.externaltools.gnu-tools-for-stm32.7-2018-q2-update.win32_1.4.0.202007081208/tools/bin/../lib/gcc/arm-none-eabi/7.3.1/thumb/v7e-m/fpv4-sp/hard/crtbegin.o
 *(.bss*)
 .bss.AccelerometerDrv
                0x00000000200000c4        0x4 Src/stm32l475e_iot01_accelero.o
 .bss.__sbrk_heap_end
                0x00000000200000c8        0x4 Src/sysmem.o
 .bss.__malloc_free_list
                0x00000000200000cc        0x4 c:/st/stm32cubeide_1.4.0/stm32cubeide/plugins/com.st.stm32cube.ide.mcu.externaltools.gnu-tools-for-stm32.7-2018-q2-update.win32_1.4.0.202007081208/tools/bin/../lib/gcc/arm-none-eabi/7.3.1/../../../../arm-none-eabi/lib/thumb/v7e-m/fpv4-sp/hard\libc_nano.a(lib_a-nano-mallocr.o)
                0x00000000200000cc                __malloc_free_list
 .bss.__malloc_sbrk_start
                0x00000000200000d0        0x4 c:/st/stm32cubeide_1.4.0/stm32cubeide/plugins/com.st.stm32cube.ide.mcu.externaltools.gnu-tools-for-stm32.7-2018-q2-update.win32_1.4.0.202007081208/tools/bin/../lib/gcc/arm-none-eabi/7.3.1/../../../../arm-none-eabi/lib/thumb/v7e-m/fpv4-sp/hard\libc_nano.a(lib_a-nano-mallocr.o)
                0x00000000200000d0                __malloc_sbrk_start
 *(COMMON)
 COMMON         0x00000000200000d4        0x4 Drivers/STM32L4xx_HAL_Driver/Src/stm32l4xx_hal.o
                0x00000000200000d4                uwTick
 COMMON         0x00000000200000d8      0x1b8 Src/main.o
                0x00000000200000d8                hdac1
                0x00000000200000ec                hi2c2
                0x0000000020000138                hdma_dac_ch1
                0x0000000020000180                huart1
                0x0000000020000200                htim2
                0x000000002000024c                hqspi
 COMMON         0x0000000020000290       0xcc Src/stm32l475e_iot01.o
                0x0000000020000290                hDiscoUart
                0x0000000020000310                hI2cHandler
 COMMON         0x000000002000035c        0x4 c:/st/stm32cubeide_1.4.0/stm32cubeide/plugins/com.st.stm32cube.ide.mcu.externaltools.gnu-tools-for-stm32.7-2018-q2-update.win32_1.4.0.202007081208/tools/bin/../lib/gcc/arm-none-eabi/7.3.1/../../../../arm-none-eabi/lib/thumb/v7e-m/fpv4-sp/hard\libc_nano.a(lib_a-reent.o)
                0x000000002000035c                errno
                0x0000000020000360                . = ALIGN (0x4)
                0x0000000020000360                _ebss = .
                0x0000000020000360                __bss_end__ = _ebss

._user_heap_stack
                0x0000000020000360      0x600 load address 0x0000000008007ef8
                0x0000000020000360                . = ALIGN (0x8)
                [!provide]                        PROVIDE (end = .)
                0x0000000020000360                PROVIDE (_end = .)
                0x0000000020000560                . = (. + _Min_Heap_Size)
 *fill*         0x0000000020000360      0x200 
                0x0000000020000960                . = (. + _Min_Stack_Size)
 *fill*         0x0000000020000560      0x400 
                0x0000000020000960                . = ALIGN (0x8)

/DISCARD/
 libc.a(*)
 libm.a(*)
 libgcc.a(*)

.ARM.attributes
                0x0000000000000000       0x30
 *(.ARM.attributes)
 .ARM.attributes
                0x0000000000000000       0x22 c:/st/stm32cubeide_1.4.0/stm32cubeide/plugins/com.st.stm32cube.ide.mcu.externaltools.gnu-tools-for-stm32.7-2018-q2-update.win32_1.4.0.202007081208/tools/bin/../lib/gcc/arm-none-eabi/7.3.1/thumb/v7e-m/fpv4-sp/hard/crti.o
 .ARM.attributes
                0x0000000000000022       0x34 c:/st/stm32cubeide_1.4.0/stm32cubeide/plugins/com.st.stm32cube.ide.mcu.externaltools.gnu-tools-for-stm32.7-2018-q2-update.win32_1.4.0.202007081208/tools/bin/../lib/gcc/arm-none-eabi/7.3.1/thumb/v7e-m/fpv4-sp/hard/crtbegin.o
 .ARM.attributes
                0x0000000000000056       0x39 Drivers/STM32L4xx_HAL_Driver/Src/stm32l4xx_hal.o
 .ARM.attributes
                0x000000000000008f       0x39 Drivers/STM32L4xx_HAL_Driver/Src/stm32l4xx_hal_cortex.o
 .ARM.attributes
                0x00000000000000c8       0x39 Drivers/STM32L4xx_HAL_Driver/Src/stm32l4xx_hal_dac.o
 .ARM.attributes
                0x0000000000000101       0x39 Drivers/STM32L4xx_HAL_Driver/Src/stm32l4xx_hal_dma.o
 .ARM.attributes
                0x000000000000013a       0x39 Drivers/STM32L4xx_HAL_Driver/Src/stm32l4xx_hal_gpio.o
 .ARM.attributes
                0x0000000000000173       0x39 Drivers/STM32L4xx_HAL_Driver/Src/stm32l4xx_hal_i2c.o
 .ARM.attributes
                0x00000000000001ac       0x39 Drivers/STM32L4xx_HAL_Driver/Src/stm32l4xx_hal_i2c_ex.o
 .ARM.attributes
                0x00000000000001e5       0x39 Drivers/STM32L4xx_HAL_Driver/Src/stm32l4xx_hal_pwr_ex.o
 .ARM.attributes
                0x000000000000021e       0x39 Drivers/STM32L4xx_HAL_Driver/Src/stm32l4xx_hal_qspi.o
 .ARM.attributes
                0x0000000000000257       0x39 Drivers/STM32L4xx_HAL_Driver/Src/stm32l4xx_hal_rcc.o
 .ARM.attributes
                0x0000000000000290       0x39 Drivers/STM32L4xx_HAL_Driver/Src/stm32l4xx_hal_rcc_ex.o
 .ARM.attributes
                0x00000000000002c9       0x39 Drivers/STM32L4xx_HAL_Driver/Src/stm32l4xx_hal_tim.o
 .ARM.attributes
                0x0000000000000302       0x39 Drivers/STM32L4xx_HAL_Driver/Src/stm32l4xx_hal_tim_ex.o
 .ARM.attributes
                0x000000000000033b       0x39 Drivers/STM32L4xx_HAL_Driver/Src/stm32l4xx_hal_uart.o
 .ARM.attributes
                0x0000000000000374       0x39 Src/lsm6dsl.o
 .ARM.attributes
                0x00000000000003ad       0x39 Src/main.o
 .ARM.attributes
                0x00000000000003e6       0x39 Src/stm32l475e_iot01.o
 .ARM.attributes
                0x000000000000041f       0x39 Src/stm32l475e_iot01_accelero.o
 .ARM.attributes
                0x0000000000000458       0x39 Src/stm32l4xx_hal_msp.o
 .ARM.attributes
                0x0000000000000491       0x39 Src/stm32l4xx_it.o
 .ARM.attributes
                0x00000000000004ca       0x39 Src/sysmem.o
 .ARM.attributes
                0x0000000000000503       0x39 Src/system_stm32l4xx.o
 .ARM.attributes
                0x000000000000053c       0x21 Startup/startup_stm32l475vgtx.o
 .ARM.attributes
                0x000000000000055d       0x34 c:/st/stm32cubeide_1.4.0/stm32cubeide/plugins/com.st.stm32cube.ide.mcu.externaltools.gnu-tools-for-stm32.7-2018-q2-update.win32_1.4.0.202007081208/tools/bin/../lib/gcc/arm-none-eabi/7.3.1/../../../../arm-none-eabi/lib/thumb/v7e-m/fpv4-sp/hard\libc_nano.a(lib_a-errno.o)
 .ARM.attributes
                0x0000000000000591       0x34 c:/st/stm32cubeide_1.4.0/stm32cubeide/plugins/com.st.stm32cube.ide.mcu.externaltools.gnu-tools-for-stm32.7-2018-q2-update.win32_1.4.0.202007081208/tools/bin/../lib/gcc/arm-none-eabi/7.3.1/../../../../arm-none-eabi/lib/thumb/v7e-m/fpv4-sp/hard\libc_nano.a(lib_a-impure.o)
 .ARM.attributes
                0x00000000000005c5       0x34 c:/st/stm32cubeide_1.4.0/stm32cubeide/plugins/com.st.stm32cube.ide.mcu.externaltools.gnu-tools-for-stm32.7-2018-q2-update.win32_1.4.0.202007081208/tools/bin/../lib/gcc/arm-none-eabi/7.3.1/../../../../arm-none-eabi/lib/thumb/v7e-m/fpv4-sp/hard\libc_nano.a(lib_a-init.o)
 .ARM.attributes
                0x00000000000005f9       0x34 c:/st/stm32cubeide_1.4.0/stm32cubeide/plugins/com.st.stm32cube.ide.mcu.externaltools.gnu-tools-for-stm32.7-2018-q2-update.win32_1.4.0.202007081208/tools/bin/../lib/gcc/arm-none-eabi/7.3.1/../../../../arm-none-eabi/lib/thumb/v7e-m/fpv4-sp/hard\libc_nano.a(lib_a-memset.o)
 .ARM.attributes
                0x000000000000062d       0x34 c:/st/stm32cubeide_1.4.0/stm32cubeide/plugins/com.st.stm32cube.ide.mcu.externaltools.gnu-tools-for-stm32.7-2018-q2-update.win32_1.4.0.202007081208/tools/bin/../lib/gcc/arm-none-eabi/7.3.1/../../../../arm-none-eabi/lib/thumb/v7e-m/fpv4-sp/hard\libc_nano.a(lib_a-sprintf.o)
 .ARM.attributes
                0x0000000000000661       0x34 c:/st/stm32cubeide_1.4.0/stm32cubeide/plugins/com.st.stm32cube.ide.mcu.externaltools.gnu-tools-for-stm32.7-2018-q2-update.win32_1.4.0.202007081208/tools/bin/../lib/gcc/arm-none-eabi/7.3.1/../../../../arm-none-eabi/lib/thumb/v7e-m/fpv4-sp/hard\libc_nano.a(lib_a-nano-svfprintf.o)
 .ARM.attributes
                0x0000000000000695       0x34 c:/st/stm32cubeide_1.4.0/stm32cubeide/plugins/com.st.stm32cube.ide.mcu.externaltools.gnu-tools-for-stm32.7-2018-q2-update.win32_1.4.0.202007081208/tools/bin/../lib/gcc/arm-none-eabi/7.3.1/../../../../arm-none-eabi/lib/thumb/v7e-m/fpv4-sp/hard\libc_nano.a(lib_a-nano-vfprintf_i.o)
 .ARM.attributes
                0x00000000000006c9       0x20 c:/st/stm32cubeide_1.4.0/stm32cubeide/plugins/com.st.stm32cube.ide.mcu.externaltools.gnu-tools-for-stm32.7-2018-q2-update.win32_1.4.0.202007081208/tools/bin/../lib/gcc/arm-none-eabi/7.3.1/../../../../arm-none-eabi/lib/thumb/v7e-m/fpv4-sp/hard\libc_nano.a(lib_a-memchr.o)
 .ARM.attributes
                0x00000000000006e9       0x34 c:/st/stm32cubeide_1.4.0/stm32cubeide/plugins/com.st.stm32cube.ide.mcu.externaltools.gnu-tools-for-stm32.7-2018-q2-update.win32_1.4.0.202007081208/tools/bin/../lib/gcc/arm-none-eabi/7.3.1/../../../../arm-none-eabi/lib/thumb/v7e-m/fpv4-sp/hard\libc_nano.a(lib_a-memcpy-stub.o)
 .ARM.attributes
                0x000000000000071d       0x34 c:/st/stm32cubeide_1.4.0/stm32cubeide/plugins/com.st.stm32cube.ide.mcu.externaltools.gnu-tools-for-stm32.7-2018-q2-update.win32_1.4.0.202007081208/tools/bin/../lib/gcc/arm-none-eabi/7.3.1/../../../../arm-none-eabi/lib/thumb/v7e-m/fpv4-sp/hard\libc_nano.a(lib_a-memmove.o)
 .ARM.attributes
                0x0000000000000751       0x34 c:/st/stm32cubeide_1.4.0/stm32cubeide/plugins/com.st.stm32cube.ide.mcu.externaltools.gnu-tools-for-stm32.7-2018-q2-update.win32_1.4.0.202007081208/tools/bin/../lib/gcc/arm-none-eabi/7.3.1/../../../../arm-none-eabi/lib/thumb/v7e-m/fpv4-sp/hard\libc_nano.a(lib_a-nano-freer.o)
 .ARM.attributes
                0x0000000000000785       0x34 c:/st/stm32cubeide_1.4.0/stm32cubeide/plugins/com.st.stm32cube.ide.mcu.externaltools.gnu-tools-for-stm32.7-2018-q2-update.win32_1.4.0.202007081208/tools/bin/../lib/gcc/arm-none-eabi/7.3.1/../../../../arm-none-eabi/lib/thumb/v7e-m/fpv4-sp/hard\libc_nano.a(lib_a-nano-mallocr.o)
 .ARM.attributes
                0x00000000000007b9       0x34 c:/st/stm32cubeide_1.4.0/stm32cubeide/plugins/com.st.stm32cube.ide.mcu.externaltools.gnu-tools-for-stm32.7-2018-q2-update.win32_1.4.0.202007081208/tools/bin/../lib/gcc/arm-none-eabi/7.3.1/../../../../arm-none-eabi/lib/thumb/v7e-m/fpv4-sp/hard\libc_nano.a(lib_a-nano-reallocr.o)
 .ARM.attributes
                0x00000000000007ed       0x34 c:/st/stm32cubeide_1.4.0/stm32cubeide/plugins/com.st.stm32cube.ide.mcu.externaltools.gnu-tools-for-stm32.7-2018-q2-update.win32_1.4.0.202007081208/tools/bin/../lib/gcc/arm-none-eabi/7.3.1/../../../../arm-none-eabi/lib/thumb/v7e-m/fpv4-sp/hard\libc_nano.a(lib_a-sbrkr.o)
 .ARM.attributes
                0x0000000000000821       0x34 c:/st/stm32cubeide_1.4.0/stm32cubeide/plugins/com.st.stm32cube.ide.mcu.externaltools.gnu-tools-for-stm32.7-2018-q2-update.win32_1.4.0.202007081208/tools/bin/../lib/gcc/arm-none-eabi/7.3.1/../../../../arm-none-eabi/lib/thumb/v7e-m/fpv4-sp/hard\libc_nano.a(lib_a-mlock.o)
 .ARM.attributes
                0x0000000000000855       0x34 c:/st/stm32cubeide_1.4.0/stm32cubeide/plugins/com.st.stm32cube.ide.mcu.externaltools.gnu-tools-for-stm32.7-2018-q2-update.win32_1.4.0.202007081208/tools/bin/../lib/gcc/arm-none-eabi/7.3.1/../../../../arm-none-eabi/lib/thumb/v7e-m/fpv4-sp/hard\libc_nano.a(lib_a-nano-msizer.o)
 .ARM.attributes
                0x0000000000000889       0x34 c:/st/stm32cubeide_1.4.0/stm32cubeide/plugins/com.st.stm32cube.ide.mcu.externaltools.gnu-tools-for-stm32.7-2018-q2-update.win32_1.4.0.202007081208/tools/bin/../lib/gcc/arm-none-eabi/7.3.1/../../../../arm-none-eabi/lib/thumb/v7e-m/fpv4-sp/hard\libc_nano.a(lib_a-reent.o)
 .ARM.attributes
                0x00000000000008bd       0x34 c:/st/stm32cubeide_1.4.0/stm32cubeide/plugins/com.st.stm32cube.ide.mcu.externaltools.gnu-tools-for-stm32.7-2018-q2-update.win32_1.4.0.202007081208/tools/bin/../lib/gcc/arm-none-eabi/7.3.1/../../../../arm-none-eabi/lib/thumb/v7e-m/fpv4-sp/hard\libm.a(lib_a-w_pow.o)
 .ARM.attributes
                0x00000000000008f1       0x34 c:/st/stm32cubeide_1.4.0/stm32cubeide/plugins/com.st.stm32cube.ide.mcu.externaltools.gnu-tools-for-stm32.7-2018-q2-update.win32_1.4.0.202007081208/tools/bin/../lib/gcc/arm-none-eabi/7.3.1/../../../../arm-none-eabi/lib/thumb/v7e-m/fpv4-sp/hard\libm.a(lib_a-w_sqrt.o)
 .ARM.attributes
                0x0000000000000925       0x34 c:/st/stm32cubeide_1.4.0/stm32cubeide/plugins/com.st.stm32cube.ide.mcu.externaltools.gnu-tools-for-stm32.7-2018-q2-update.win32_1.4.0.202007081208/tools/bin/../lib/gcc/arm-none-eabi/7.3.1/../../../../arm-none-eabi/lib/thumb/v7e-m/fpv4-sp/hard\libm.a(lib_a-e_pow.o)
 .ARM.attributes
                0x0000000000000959       0x34 c:/st/stm32cubeide_1.4.0/stm32cubeide/plugins/com.st.stm32cube.ide.mcu.externaltools.gnu-tools-for-stm32.7-2018-q2-update.win32_1.4.0.202007081208/tools/bin/../lib/gcc/arm-none-eabi/7.3.1/../../../../arm-none-eabi/lib/thumb/v7e-m/fpv4-sp/hard\libm.a(lib_a-e_sqrt.o)
 .ARM.attributes
                0x000000000000098d       0x34 c:/st/stm32cubeide_1.4.0/stm32cubeide/plugins/com.st.stm32cube.ide.mcu.externaltools.gnu-tools-for-stm32.7-2018-q2-update.win32_1.4.0.202007081208/tools/bin/../lib/gcc/arm-none-eabi/7.3.1/../../../../arm-none-eabi/lib/thumb/v7e-m/fpv4-sp/hard\libm.a(lib_a-s_fabs.o)
 .ARM.attributes
                0x00000000000009c1       0x34 c:/st/stm32cubeide_1.4.0/stm32cubeide/plugins/com.st.stm32cube.ide.mcu.externaltools.gnu-tools-for-stm32.7-2018-q2-update.win32_1.4.0.202007081208/tools/bin/../lib/gcc/arm-none-eabi/7.3.1/../../../../arm-none-eabi/lib/thumb/v7e-m/fpv4-sp/hard\libm.a(lib_a-s_finite.o)
 .ARM.attributes
                0x00000000000009f5       0x34 c:/st/stm32cubeide_1.4.0/stm32cubeide/plugins/com.st.stm32cube.ide.mcu.externaltools.gnu-tools-for-stm32.7-2018-q2-update.win32_1.4.0.202007081208/tools/bin/../lib/gcc/arm-none-eabi/7.3.1/../../../../arm-none-eabi/lib/thumb/v7e-m/fpv4-sp/hard\libm.a(lib_a-s_lib_ver.o)
 .ARM.attributes
                0x0000000000000a29       0x34 c:/st/stm32cubeide_1.4.0/stm32cubeide/plugins/com.st.stm32cube.ide.mcu.externaltools.gnu-tools-for-stm32.7-2018-q2-update.win32_1.4.0.202007081208/tools/bin/../lib/gcc/arm-none-eabi/7.3.1/../../../../arm-none-eabi/lib/thumb/v7e-m/fpv4-sp/hard\libm.a(lib_a-s_matherr.o)
 .ARM.attributes
                0x0000000000000a5d       0x34 c:/st/stm32cubeide_1.4.0/stm32cubeide/plugins/com.st.stm32cube.ide.mcu.externaltools.gnu-tools-for-stm32.7-2018-q2-update.win32_1.4.0.202007081208/tools/bin/../lib/gcc/arm-none-eabi/7.3.1/../../../../arm-none-eabi/lib/thumb/v7e-m/fpv4-sp/hard\libm.a(lib_a-s_nan.o)
 .ARM.attributes
                0x0000000000000a91       0x34 c:/st/stm32cubeide_1.4.0/stm32cubeide/plugins/com.st.stm32cube.ide.mcu.externaltools.gnu-tools-for-stm32.7-2018-q2-update.win32_1.4.0.202007081208/tools/bin/../lib/gcc/arm-none-eabi/7.3.1/../../../../arm-none-eabi/lib/thumb/v7e-m/fpv4-sp/hard\libm.a(lib_a-s_rint.o)
 .ARM.attributes
                0x0000000000000ac5       0x34 c:/st/stm32cubeide_1.4.0/stm32cubeide/plugins/com.st.stm32cube.ide.mcu.externaltools.gnu-tools-for-stm32.7-2018-q2-update.win32_1.4.0.202007081208/tools/bin/../lib/gcc/arm-none-eabi/7.3.1/../../../../arm-none-eabi/lib/thumb/v7e-m/fpv4-sp/hard\libm.a(lib_a-s_scalbn.o)
 .ARM.attributes
                0x0000000000000af9       0x34 c:/st/stm32cubeide_1.4.0/stm32cubeide/plugins/com.st.stm32cube.ide.mcu.externaltools.gnu-tools-for-stm32.7-2018-q2-update.win32_1.4.0.202007081208/tools/bin/../lib/gcc/arm-none-eabi/7.3.1/../../../../arm-none-eabi/lib/thumb/v7e-m/fpv4-sp/hard\libm.a(lib_a-s_copysign.o)
 .ARM.attributes
                0x0000000000000b2d       0x22 c:/st/stm32cubeide_1.4.0/stm32cubeide/plugins/com.st.stm32cube.ide.mcu.externaltools.gnu-tools-for-stm32.7-2018-q2-update.win32_1.4.0.202007081208/tools/bin/../lib/gcc/arm-none-eabi/7.3.1/thumb/v7e-m/fpv4-sp/hard\libgcc.a(_arm_addsubdf3.o)
 .ARM.attributes
                0x0000000000000b4f       0x22 c:/st/stm32cubeide_1.4.0/stm32cubeide/plugins/com.st.stm32cube.ide.mcu.externaltools.gnu-tools-for-stm32.7-2018-q2-update.win32_1.4.0.202007081208/tools/bin/../lib/gcc/arm-none-eabi/7.3.1/thumb/v7e-m/fpv4-sp/hard\libgcc.a(_arm_muldivdf3.o)
 .ARM.attributes
                0x0000000000000b71       0x22 c:/st/stm32cubeide_1.4.0/stm32cubeide/plugins/com.st.stm32cube.ide.mcu.externaltools.gnu-tools-for-stm32.7-2018-q2-update.win32_1.4.0.202007081208/tools/bin/../lib/gcc/arm-none-eabi/7.3.1/thumb/v7e-m/fpv4-sp/hard\libgcc.a(_arm_cmpdf2.o)
 .ARM.attributes
                0x0000000000000b93       0x22 c:/st/stm32cubeide_1.4.0/stm32cubeide/plugins/com.st.stm32cube.ide.mcu.externaltools.gnu-tools-for-stm32.7-2018-q2-update.win32_1.4.0.202007081208/tools/bin/../lib/gcc/arm-none-eabi/7.3.1/thumb/v7e-m/fpv4-sp/hard\libgcc.a(_arm_unorddf2.o)
 .ARM.attributes
                0x0000000000000bb5       0x22 c:/st/stm32cubeide_1.4.0/stm32cubeide/plugins/com.st.stm32cube.ide.mcu.externaltools.gnu-tools-for-stm32.7-2018-q2-update.win32_1.4.0.202007081208/tools/bin/../lib/gcc/arm-none-eabi/7.3.1/thumb/v7e-m/fpv4-sp/hard\libgcc.a(_arm_fixdfsi.o)
 .ARM.attributes
                0x0000000000000bd7       0x22 c:/st/stm32cubeide_1.4.0/stm32cubeide/plugins/com.st.stm32cube.ide.mcu.externaltools.gnu-tools-for-stm32.7-2018-q2-update.win32_1.4.0.202007081208/tools/bin/../lib/gcc/arm-none-eabi/7.3.1/thumb/v7e-m/fpv4-sp/hard\libgcc.a(_aeabi_uldivmod.o)
 .ARM.attributes
                0x0000000000000bf9       0x34 c:/st/stm32cubeide_1.4.0/stm32cubeide/plugins/com.st.stm32cube.ide.mcu.externaltools.gnu-tools-for-stm32.7-2018-q2-update.win32_1.4.0.202007081208/tools/bin/../lib/gcc/arm-none-eabi/7.3.1/thumb/v7e-m/fpv4-sp/hard\libgcc.a(_udivmoddi4.o)
 .ARM.attributes
                0x0000000000000c2d       0x22 c:/st/stm32cubeide_1.4.0/stm32cubeide/plugins/com.st.stm32cube.ide.mcu.externaltools.gnu-tools-for-stm32.7-2018-q2-update.win32_1.4.0.202007081208/tools/bin/../lib/gcc/arm-none-eabi/7.3.1/thumb/v7e-m/fpv4-sp/hard\libgcc.a(_dvmd_tls.o)
 .ARM.attributes
                0x0000000000000c4f       0x22 c:/st/stm32cubeide_1.4.0/stm32cubeide/plugins/com.st.stm32cube.ide.mcu.externaltools.gnu-tools-for-stm32.7-2018-q2-update.win32_1.4.0.202007081208/tools/bin/../lib/gcc/arm-none-eabi/7.3.1/thumb/v7e-m/fpv4-sp/hard/crtn.o
OUTPUT(Project.elf elf32-littlearm)

.debug_info     0x0000000000000000    0x17cd4
 .debug_info    0x0000000000000000      0xc1a Drivers/STM32L4xx_HAL_Driver/Src/stm32l4xx_hal.o
 .debug_info    0x0000000000000c1a      0xf67 Drivers/STM32L4xx_HAL_Driver/Src/stm32l4xx_hal_cortex.o
 .debug_info    0x0000000000001b81      0xbd0 Drivers/STM32L4xx_HAL_Driver/Src/stm32l4xx_hal_dac.o
 .debug_info    0x0000000000002751      0x8f2 Drivers/STM32L4xx_HAL_Driver/Src/stm32l4xx_hal_dma.o
 .debug_info    0x0000000000003043      0x9c2 Drivers/STM32L4xx_HAL_Driver/Src/stm32l4xx_hal_gpio.o
 .debug_info    0x0000000000003a05     0x210d Drivers/STM32L4xx_HAL_Driver/Src/stm32l4xx_hal_i2c.o
 .debug_info    0x0000000000005b12      0xb72 Drivers/STM32L4xx_HAL_Driver/Src/stm32l4xx_hal_i2c_ex.o
 .debug_info    0x0000000000006684      0xb35 Drivers/STM32L4xx_HAL_Driver/Src/stm32l4xx_hal_pwr_ex.o
 .debug_info    0x00000000000071b9     0x12cb Drivers/STM32L4xx_HAL_Driver/Src/stm32l4xx_hal_qspi.o
 .debug_info    0x0000000000008484      0xd2f Drivers/STM32L4xx_HAL_Driver/Src/stm32l4xx_hal_rcc.o
 .debug_info    0x00000000000091b3      0xf41 Drivers/STM32L4xx_HAL_Driver/Src/stm32l4xx_hal_rcc_ex.o
 .debug_info    0x000000000000a0f4     0x2a61 Drivers/STM32L4xx_HAL_Driver/Src/stm32l4xx_hal_tim.o
 .debug_info    0x000000000000cb55     0x167e Drivers/STM32L4xx_HAL_Driver/Src/stm32l4xx_hal_tim_ex.o
 .debug_info    0x000000000000e1d3     0x1830 Drivers/STM32L4xx_HAL_Driver/Src/stm32l4xx_hal_uart.o
 .debug_info    0x000000000000fa03      0x540 Src/lsm6dsl.o
 .debug_info    0x000000000000ff43     0x2904 Src/main.o
 .debug_info    0x0000000000012847     0x1a64 Src/stm32l475e_iot01.o
 .debug_info    0x00000000000142ab      0x651 Src/stm32l475e_iot01_accelero.o
 .debug_info    0x00000000000148fc     0x1a1d Src/stm32l4xx_hal_msp.o
 .debug_info    0x0000000000016319      0x8ed Src/stm32l4xx_it.o
 .debug_info    0x0000000000016c06      0x985 Src/sysmem.o
 .debug_info    0x000000000001758b      0x727 Src/system_stm32l4xx.o
 .debug_info    0x0000000000017cb2       0x22 Startup/startup_stm32l475vgtx.o

.debug_abbrev   0x0000000000000000     0x2b46
 .debug_abbrev  0x0000000000000000      0x1fb Drivers/STM32L4xx_HAL_Driver/Src/stm32l4xx_hal.o
 .debug_abbrev  0x00000000000001fb      0x2fa Drivers/STM32L4xx_HAL_Driver/Src/stm32l4xx_hal_cortex.o
 .debug_abbrev  0x00000000000004f5      0x1cc Drivers/STM32L4xx_HAL_Driver/Src/stm32l4xx_hal_dac.o
 .debug_abbrev  0x00000000000006c1      0x1d9 Drivers/STM32L4xx_HAL_Driver/Src/stm32l4xx_hal_dma.o
 .debug_abbrev  0x000000000000089a      0x1c0 Drivers/STM32L4xx_HAL_Driver/Src/stm32l4xx_hal_gpio.o
 .debug_abbrev  0x0000000000000a5a      0x22a Drivers/STM32L4xx_HAL_Driver/Src/stm32l4xx_hal_i2c.o
 .debug_abbrev  0x0000000000000c84      0x1b9 Drivers/STM32L4xx_HAL_Driver/Src/stm32l4xx_hal_i2c_ex.o
 .debug_abbrev  0x0000000000000e3d      0x1cb Drivers/STM32L4xx_HAL_Driver/Src/stm32l4xx_hal_pwr_ex.o
 .debug_abbrev  0x0000000000001008      0x21f Drivers/STM32L4xx_HAL_Driver/Src/stm32l4xx_hal_qspi.o
 .debug_abbrev  0x0000000000001227      0x245 Drivers/STM32L4xx_HAL_Driver/Src/stm32l4xx_hal_rcc.o
 .debug_abbrev  0x000000000000146c      0x238 Drivers/STM32L4xx_HAL_Driver/Src/stm32l4xx_hal_rcc_ex.o
 .debug_abbrev  0x00000000000016a4      0x230 Drivers/STM32L4xx_HAL_Driver/Src/stm32l4xx_hal_tim.o
 .debug_abbrev  0x00000000000018d4      0x236 Drivers/STM32L4xx_HAL_Driver/Src/stm32l4xx_hal_tim_ex.o
 .debug_abbrev  0x0000000000001b0a      0x205 Drivers/STM32L4xx_HAL_Driver/Src/stm32l4xx_hal_uart.o
 .debug_abbrev  0x0000000000001d0f      0x194 Src/lsm6dsl.o
 .debug_abbrev  0x0000000000001ea3      0x295 Src/main.o
 .debug_abbrev  0x0000000000002138      0x26f Src/stm32l475e_iot01.o
 .debug_abbrev  0x00000000000023a7      0x15f Src/stm32l475e_iot01_accelero.o
 .debug_abbrev  0x0000000000002506      0x1e9 Src/stm32l4xx_hal_msp.o
 .debug_abbrev  0x00000000000026ef      0x15a Src/stm32l4xx_it.o
 .debug_abbrev  0x0000000000002849      0x19b Src/sysmem.o
 .debug_abbrev  0x00000000000029e4      0x150 Src/system_stm32l4xx.o
 .debug_abbrev  0x0000000000002b34       0x12 Startup/startup_stm32l475vgtx.o

.debug_aranges  0x0000000000000000     0x15a8
 .debug_aranges
                0x0000000000000000      0x130 Drivers/STM32L4xx_HAL_Driver/Src/stm32l4xx_hal.o
 .debug_aranges
                0x0000000000000130      0x118 Drivers/STM32L4xx_HAL_Driver/Src/stm32l4xx_hal_cortex.o
 .debug_aranges
                0x0000000000000248       0xc0 Drivers/STM32L4xx_HAL_Driver/Src/stm32l4xx_hal_dac.o
 .debug_aranges
                0x0000000000000308       0x80 Drivers/STM32L4xx_HAL_Driver/Src/stm32l4xx_hal_dma.o
 .debug_aranges
                0x0000000000000388       0x58 Drivers/STM32L4xx_HAL_Driver/Src/stm32l4xx_hal_gpio.o
 .debug_aranges
                0x00000000000003e0      0x290 Drivers/STM32L4xx_HAL_Driver/Src/stm32l4xx_hal_i2c.o
 .debug_aranges
                0x0000000000000670       0x48 Drivers/STM32L4xx_HAL_Driver/Src/stm32l4xx_hal_i2c_ex.o
 .debug_aranges
                0x00000000000006b8      0x150 Drivers/STM32L4xx_HAL_Driver/Src/stm32l4xx_hal_pwr_ex.o
 .debug_aranges
                0x0000000000000808      0x160 Drivers/STM32L4xx_HAL_Driver/Src/stm32l4xx_hal_qspi.o
 .debug_aranges
                0x0000000000000968       0x88 Drivers/STM32L4xx_HAL_Driver/Src/stm32l4xx_hal_rcc.o
 .debug_aranges
                0x00000000000009f0       0xc0 Drivers/STM32L4xx_HAL_Driver/Src/stm32l4xx_hal_rcc_ex.o
 .debug_aranges
                0x0000000000000ab0      0x3e0 Drivers/STM32L4xx_HAL_Driver/Src/stm32l4xx_hal_tim.o
 .debug_aranges
                0x0000000000000e90      0x180 Drivers/STM32L4xx_HAL_Driver/Src/stm32l4xx_hal_tim_ex.o
 .debug_aranges
                0x0000000000001010      0x210 Drivers/STM32L4xx_HAL_Driver/Src/stm32l4xx_hal_uart.o
 .debug_aranges
                0x0000000000001220       0x68 Src/lsm6dsl.o
 .debug_aranges
                0x0000000000001288       0x68 Src/main.o
 .debug_aranges
                0x00000000000012f0      0x130 Src/stm32l475e_iot01.o
 .debug_aranges
                0x0000000000001420       0x38 Src/stm32l475e_iot01_accelero.o
 .debug_aranges
                0x0000000000001458       0x70 Src/stm32l4xx_hal_msp.o
 .debug_aranges
                0x00000000000014c8       0x70 Src/stm32l4xx_it.o
 .debug_aranges
                0x0000000000001538       0x20 Src/sysmem.o
 .debug_aranges
                0x0000000000001558       0x28 Src/system_stm32l4xx.o
 .debug_aranges
                0x0000000000001580       0x28 Startup/startup_stm32l475vgtx.o

.debug_ranges   0x0000000000000000     0x1440
 .debug_ranges  0x0000000000000000      0x120 Drivers/STM32L4xx_HAL_Driver/Src/stm32l4xx_hal.o
 .debug_ranges  0x0000000000000120      0x108 Drivers/STM32L4xx_HAL_Driver/Src/stm32l4xx_hal_cortex.o
 .debug_ranges  0x0000000000000228       0xb0 Drivers/STM32L4xx_HAL_Driver/Src/stm32l4xx_hal_dac.o
 .debug_ranges  0x00000000000002d8       0x70 Drivers/STM32L4xx_HAL_Driver/Src/stm32l4xx_hal_dma.o
 .debug_ranges  0x0000000000000348       0x48 Drivers/STM32L4xx_HAL_Driver/Src/stm32l4xx_hal_gpio.o
 .debug_ranges  0x0000000000000390      0x280 Drivers/STM32L4xx_HAL_Driver/Src/stm32l4xx_hal_i2c.o
 .debug_ranges  0x0000000000000610       0x38 Drivers/STM32L4xx_HAL_Driver/Src/stm32l4xx_hal_i2c_ex.o
 .debug_ranges  0x0000000000000648      0x140 Drivers/STM32L4xx_HAL_Driver/Src/stm32l4xx_hal_pwr_ex.o
 .debug_ranges  0x0000000000000788      0x150 Drivers/STM32L4xx_HAL_Driver/Src/stm32l4xx_hal_qspi.o
 .debug_ranges  0x00000000000008d8       0x78 Drivers/STM32L4xx_HAL_Driver/Src/stm32l4xx_hal_rcc.o
 .debug_ranges  0x0000000000000950       0xb0 Drivers/STM32L4xx_HAL_Driver/Src/stm32l4xx_hal_rcc_ex.o
 .debug_ranges  0x0000000000000a00      0x3d0 Drivers/STM32L4xx_HAL_Driver/Src/stm32l4xx_hal_tim.o
 .debug_ranges  0x0000000000000dd0      0x170 Drivers/STM32L4xx_HAL_Driver/Src/stm32l4xx_hal_tim_ex.o
 .debug_ranges  0x0000000000000f40      0x200 Drivers/STM32L4xx_HAL_Driver/Src/stm32l4xx_hal_uart.o
 .debug_ranges  0x0000000000001140       0x58 Src/lsm6dsl.o
 .debug_ranges  0x0000000000001198       0x58 Src/main.o
 .debug_ranges  0x00000000000011f0      0x120 Src/stm32l475e_iot01.o
 .debug_ranges  0x0000000000001310       0x28 Src/stm32l475e_iot01_accelero.o
 .debug_ranges  0x0000000000001338       0x60 Src/stm32l4xx_hal_msp.o
 .debug_ranges  0x0000000000001398       0x60 Src/stm32l4xx_it.o
 .debug_ranges  0x00000000000013f8       0x10 Src/sysmem.o
 .debug_ranges  0x0000000000001408       0x18 Src/system_stm32l4xx.o
 .debug_ranges  0x0000000000001420       0x20 Startup/startup_stm32l475vgtx.o

.debug_macro    0x0000000000000000    0x28d6c
 .debug_macro   0x0000000000000000      0x245 Drivers/STM32L4xx_HAL_Driver/Src/stm32l4xx_hal.o
 .debug_macro   0x0000000000000245      0xa5a Drivers/STM32L4xx_HAL_Driver/Src/stm32l4xx_hal.o
 .debug_macro   0x0000000000000c9f      0x1b9 Drivers/STM32L4xx_HAL_Driver/Src/stm32l4xx_hal.o
 .debug_macro   0x0000000000000e58       0x2e Drivers/STM32L4xx_HAL_Driver/Src/stm32l4xx_hal.o
 .debug_macro   0x0000000000000e86       0x28 Drivers/STM32L4xx_HAL_Driver/Src/stm32l4xx_hal.o
 .debug_macro   0x0000000000000eae       0x22 Drivers/STM32L4xx_HAL_Driver/Src/stm32l4xx_hal.o
 .debug_macro   0x0000000000000ed0       0x8e Drivers/STM32L4xx_HAL_Driver/Src/stm32l4xx_hal.o
 .debug_macro   0x0000000000000f5e       0x51 Drivers/STM32L4xx_HAL_Driver/Src/stm32l4xx_hal.o
 .debug_macro   0x0000000000000faf       0xef Drivers/STM32L4xx_HAL_Driver/Src/stm32l4xx_hal.o
 .debug_macro   0x000000000000109e       0x6a Drivers/STM32L4xx_HAL_Driver/Src/stm32l4xx_hal.o
 .debug_macro   0x0000000000001108      0x1df Drivers/STM32L4xx_HAL_Driver/Src/stm32l4xx_hal.o
 .debug_macro   0x00000000000012e7       0x1c Drivers/STM32L4xx_HAL_Driver/Src/stm32l4xx_hal.o
 .debug_macro   0x0000000000001303       0x22 Drivers/STM32L4xx_HAL_Driver/Src/stm32l4xx_hal.o
 .debug_macro   0x0000000000001325      0x101 Drivers/STM32L4xx_HAL_Driver/Src/stm32l4xx_hal.o
 .debug_macro   0x0000000000001426     0x1011 Drivers/STM32L4xx_HAL_Driver/Src/stm32l4xx_hal.o
 .debug_macro   0x0000000000002437      0x11f Drivers/STM32L4xx_HAL_Driver/Src/stm32l4xx_hal.o
 .debug_macro   0x0000000000002556    0x19db6 Drivers/STM32L4xx_HAL_Driver/Src/stm32l4xx_hal.o
 .debug_macro   0x000000000001c30c       0x43 Drivers/STM32L4xx_HAL_Driver/Src/stm32l4xx_hal.o
 .debug_macro   0x000000000001c34f     0x3890 Drivers/STM32L4xx_HAL_Driver/Src/stm32l4xx_hal.o
 .debug_macro   0x000000000001fbdf      0x174 Drivers/STM32L4xx_HAL_Driver/Src/stm32l4xx_hal.o
 .debug_macro   0x000000000001fd53       0x5c Drivers/STM32L4xx_HAL_Driver/Src/stm32l4xx_hal.o
 .debug_macro   0x000000000001fdaf     0x1519 Drivers/STM32L4xx_HAL_Driver/Src/stm32l4xx_hal.o
 .debug_macro   0x00000000000212c8      0x59e Drivers/STM32L4xx_HAL_Driver/Src/stm32l4xx_hal.o
 .debug_macro   0x0000000000021866      0x13d Drivers/STM32L4xx_HAL_Driver/Src/stm32l4xx_hal.o
 .debug_macro   0x00000000000219a3      0x17d Drivers/STM32L4xx_HAL_Driver/Src/stm32l4xx_hal.o
 .debug_macro   0x0000000000021b20      0x26b Drivers/STM32L4xx_HAL_Driver/Src/stm32l4xx_hal.o
 .debug_macro   0x0000000000021d8b      0x23d Drivers/STM32L4xx_HAL_Driver/Src/stm32l4xx_hal.o
 .debug_macro   0x0000000000021fc8      0x153 Drivers/STM32L4xx_HAL_Driver/Src/stm32l4xx_hal.o
 .debug_macro   0x000000000002211b       0xd8 Drivers/STM32L4xx_HAL_Driver/Src/stm32l4xx_hal.o
 .debug_macro   0x00000000000221f3      0x241 Drivers/STM32L4xx_HAL_Driver/Src/stm32l4xx_hal.o
 .debug_macro   0x0000000000022434      0x37c Drivers/STM32L4xx_HAL_Driver/Src/stm32l4xx_hal.o
 .debug_macro   0x00000000000227b0       0xd6 Drivers/STM32L4xx_HAL_Driver/Src/stm32l4xx_hal.o
 .debug_macro   0x0000000000022886      0x22c Drivers/STM32L4xx_HAL_Driver/Src/stm32l4xx_hal.o
 .debug_macro   0x0000000000022ab2       0x61 Drivers/STM32L4xx_HAL_Driver/Src/stm32l4xx_hal.o
 .debug_macro   0x0000000000022b13       0xa5 Drivers/STM32L4xx_HAL_Driver/Src/stm32l4xx_hal.o
 .debug_macro   0x0000000000022bb8      0x122 Drivers/STM32L4xx_HAL_Driver/Src/stm32l4xx_hal.o
 .debug_macro   0x0000000000022cda      0x3e9 Drivers/STM32L4xx_HAL_Driver/Src/stm32l4xx_hal.o
 .debug_macro   0x00000000000230c3      0x2a3 Drivers/STM32L4xx_HAL_Driver/Src/stm32l4xx_hal.o
 .debug_macro   0x0000000000023366      0xa75 Drivers/STM32L4xx_HAL_Driver/Src/stm32l4xx_hal.o
 .debug_macro   0x0000000000023ddb      0x1e7 Drivers/STM32L4xx_HAL_Driver/Src/stm32l4xx_hal.o
 .debug_macro   0x0000000000023fc2      0x59e Drivers/STM32L4xx_HAL_Driver/Src/stm32l4xx_hal.o
 .debug_macro   0x0000000000024560       0x44 Drivers/STM32L4xx_HAL_Driver/Src/stm32l4xx_hal.o
 .debug_macro   0x00000000000245a4      0x331 Drivers/STM32L4xx_HAL_Driver/Src/stm32l4xx_hal.o
 .debug_macro   0x00000000000248d5      0x1f7 Drivers/STM32L4xx_HAL_Driver/Src/stm32l4xx_hal_cortex.o
 .debug_macro   0x0000000000024acc      0x206 Drivers/STM32L4xx_HAL_Driver/Src/stm32l4xx_hal_dac.o
 .debug_macro   0x0000000000024cd2      0x1f7 Drivers/STM32L4xx_HAL_Driver/Src/stm32l4xx_hal_dma.o
 .debug_macro   0x0000000000024ec9      0x236 Drivers/STM32L4xx_HAL_Driver/Src/stm32l4xx_hal_gpio.o
 .debug_macro   0x00000000000250ff      0x2bc Drivers/STM32L4xx_HAL_Driver/Src/stm32l4xx_hal_i2c.o
 .debug_macro   0x00000000000253bb      0x1f7 Drivers/STM32L4xx_HAL_Driver/Src/stm32l4xx_hal_i2c_ex.o
 .debug_macro   0x00000000000255b2      0x21b Drivers/STM32L4xx_HAL_Driver/Src/stm32l4xx_hal_pwr_ex.o
 .debug_macro   0x00000000000257cd      0x21b Drivers/STM32L4xx_HAL_Driver/Src/stm32l4xx_hal_qspi.o
 .debug_macro   0x00000000000259e8      0x239 Drivers/STM32L4xx_HAL_Driver/Src/stm32l4xx_hal_rcc.o
 .debug_macro   0x0000000000025c21      0x22d Drivers/STM32L4xx_HAL_Driver/Src/stm32l4xx_hal_rcc_ex.o
 .debug_macro   0x0000000000025e4e      0x1f8 Drivers/STM32L4xx_HAL_Driver/Src/stm32l4xx_hal_tim.o
 .debug_macro   0x0000000000026046      0x1f7 Drivers/STM32L4xx_HAL_Driver/Src/stm32l4xx_hal_tim_ex.o
 .debug_macro   0x000000000002623d      0x222 Drivers/STM32L4xx_HAL_Driver/Src/stm32l4xx_hal_uart.o
 .debug_macro   0x000000000002645f       0x86 Src/lsm6dsl.o
 .debug_macro   0x00000000000264e5      0x428 Src/lsm6dsl.o
 .debug_macro   0x000000000002690d      0x3ff Src/main.o
 .debug_macro   0x0000000000026d0c       0x10 Src/main.o
 .debug_macro   0x0000000000026d1c       0x46 Src/main.o
 .debug_macro   0x0000000000026d62       0x18 Src/main.o
 .debug_macro   0x0000000000026d7a       0x3c Src/main.o
 .debug_macro   0x0000000000026db6       0x34 Src/main.o
 .debug_macro   0x0000000000026dea       0x52 Src/main.o
 .debug_macro   0x0000000000026e3c       0x1f Src/main.o
 .debug_macro   0x0000000000026e5b       0x43 Src/main.o
 .debug_macro   0x0000000000026e9e       0x20 Src/main.o
 .debug_macro   0x0000000000026ebe      0x1a3 Src/main.o
 .debug_macro   0x0000000000027061      0x32a Src/main.o
 .debug_macro   0x000000000002738b       0x10 Src/main.o
 .debug_macro   0x000000000002739b       0x35 Src/main.o
 .debug_macro   0x00000000000273d0       0x20 Src/main.o
 .debug_macro   0x00000000000273f0       0x1c Src/main.o
 .debug_macro   0x000000000002740c       0x10 Src/main.o
 .debug_macro   0x000000000002741c       0x10 Src/main.o
 .debug_macro   0x000000000002742c       0x1c Src/main.o
 .debug_macro   0x0000000000027448       0x52 Src/main.o